Archive member included to satisfy reference by file (symbol)

C:/MyProgramFiles/Engineering/Embedded/STM32CubeCLT-1.16.0/STM32CubeCLT_1.16.0/GNU-tools-for-STM32/bin/../lib/gcc/arm-none-eabi/12.3.1/thumb/v7e-m/nofp\libgcc.a(_arm_mulsf3.o)
                              CMakeFiles/STM32DBUSTest.elf.dir/Core/Src/RC.cpp.obj (__aeabi_fmul)
C:/MyProgramFiles/Engineering/Embedded/STM32CubeCLT-1.16.0/STM32CubeCLT_1.16.0/GNU-tools-for-STM32/bin/../lib/gcc/arm-none-eabi/12.3.1/thumb/v7e-m/nofp\libgcc.a(_arm_addsubsf3.o)
                              CMakeFiles/STM32DBUSTest.elf.dir/Core/Src/RC.cpp.obj (__aeabi_fsub)
C:/MyProgramFiles/Engineering/Embedded/STM32CubeCLT-1.16.0/STM32CubeCLT_1.16.0/GNU-tools-for-STM32/bin/../lib/gcc/arm-none-eabi/12.3.1/thumb/v7e-m/nofp\libgcc.a(_arm_muldivsf3.o)
                              CMakeFiles/STM32DBUSTest.elf.dir/Core/Src/RC.cpp.obj (__aeabi_fdiv)
C:/MyProgramFiles/Engineering/Embedded/STM32CubeCLT-1.16.0/STM32CubeCLT_1.16.0/GNU-tools-for-STM32/bin/../lib/gcc/arm-none-eabi/12.3.1/thumb/v7e-m/nofp\libgcc.a(_arm_fixsfsi.o)
                              CMakeFiles/STM32DBUSTest.elf.dir/Core/Src/RC.cpp.obj (__aeabi_f2iz)
C:/MyProgramFiles/Engineering/Embedded/STM32CubeCLT-1.16.0/STM32CubeCLT_1.16.0/GNU-tools-for-STM32/bin/../lib/gcc/arm-none-eabi/12.3.1/thumb/v7e-m/nofp\libgcc.a(_aeabi_uldivmod.o)
                              CMakeFiles/STM32DBUSTest.elf.dir/Drivers/STM32F4xx_HAL_Driver/Src/stm32f4xx_hal_rcc.c.obj (__aeabi_uldivmod)
C:/MyProgramFiles/Engineering/Embedded/STM32CubeCLT-1.16.0/STM32CubeCLT_1.16.0/GNU-tools-for-STM32/bin/../lib/gcc/arm-none-eabi/12.3.1/thumb/v7e-m/nofp\libgcc.a(_udivmoddi4.o)
                              C:/MyProgramFiles/Engineering/Embedded/STM32CubeCLT-1.16.0/STM32CubeCLT_1.16.0/GNU-tools-for-STM32/bin/../lib/gcc/arm-none-eabi/12.3.1/thumb/v7e-m/nofp\libgcc.a(_aeabi_uldivmod.o) (__udivmoddi4)
C:/MyProgramFiles/Engineering/Embedded/STM32CubeCLT-1.16.0/STM32CubeCLT_1.16.0/GNU-tools-for-STM32/bin/../lib/gcc/arm-none-eabi/12.3.1/thumb/v7e-m/nofp\libgcc.a(unwind-arm.o)
                              CMakeFiles/STM32DBUSTest.elf.dir/Core/Src/RC.cpp.obj (__aeabi_unwind_cpp_pr0)
C:/MyProgramFiles/Engineering/Embedded/STM32CubeCLT-1.16.0/STM32CubeCLT_1.16.0/GNU-tools-for-STM32/bin/../lib/gcc/arm-none-eabi/12.3.1/thumb/v7e-m/nofp\libgcc.a(libunwind.o)
                              C:/MyProgramFiles/Engineering/Embedded/STM32CubeCLT-1.16.0/STM32CubeCLT_1.16.0/GNU-tools-for-STM32/bin/../lib/gcc/arm-none-eabi/12.3.1/thumb/v7e-m/nofp\libgcc.a(unwind-arm.o) (restore_core_regs)
C:/MyProgramFiles/Engineering/Embedded/STM32CubeCLT-1.16.0/STM32CubeCLT_1.16.0/GNU-tools-for-STM32/bin/../lib/gcc/arm-none-eabi/12.3.1/thumb/v7e-m/nofp\libgcc.a(pr-support.o)
                              C:/MyProgramFiles/Engineering/Embedded/STM32CubeCLT-1.16.0/STM32CubeCLT_1.16.0/GNU-tools-for-STM32/bin/../lib/gcc/arm-none-eabi/12.3.1/thumb/v7e-m/nofp\libgcc.a(unwind-arm.o) (__gnu_unwind_execute)
C:/MyProgramFiles/Engineering/Embedded/STM32CubeCLT-1.16.0/STM32CubeCLT_1.16.0/GNU-tools-for-STM32/bin/../lib/gcc/arm-none-eabi/12.3.1/thumb/v7e-m/nofp\libgcc.a(_dvmd_tls.o)
                              C:/MyProgramFiles/Engineering/Embedded/STM32CubeCLT-1.16.0/STM32CubeCLT_1.16.0/GNU-tools-for-STM32/bin/../lib/gcc/arm-none-eabi/12.3.1/thumb/v7e-m/nofp\libgcc.a(_aeabi_uldivmod.o) (__aeabi_ldiv0)
C:/MyProgramFiles/Engineering/Embedded/STM32CubeCLT-1.16.0/STM32CubeCLT_1.16.0/GNU-tools-for-STM32/bin/../lib/gcc/arm-none-eabi/12.3.1/../../../../arm-none-eabi/lib/thumb/v7e-m/nofp\libg.a(libc_a-abort.o)
                              C:/MyProgramFiles/Engineering/Embedded/STM32CubeCLT-1.16.0/STM32CubeCLT_1.16.0/GNU-tools-for-STM32/bin/../lib/gcc/arm-none-eabi/12.3.1/thumb/v7e-m/nofp\libgcc.a(unwind-arm.o) (abort)
C:/MyProgramFiles/Engineering/Embedded/STM32CubeCLT-1.16.0/STM32CubeCLT_1.16.0/GNU-tools-for-STM32/bin/../lib/gcc/arm-none-eabi/12.3.1/../../../../arm-none-eabi/lib/thumb/v7e-m/nofp\libg.a(libc_a-exit.o)
                              C:/MyProgramFiles/Engineering/Embedded/STM32CubeCLT-1.16.0/STM32CubeCLT_1.16.0/GNU-tools-for-STM32/bin/../lib/gcc/arm-none-eabi/12.3.1/../../../../arm-none-eabi/lib/thumb/v7e-m/nofp/crt0.o (exit)
C:/MyProgramFiles/Engineering/Embedded/STM32CubeCLT-1.16.0/STM32CubeCLT_1.16.0/GNU-tools-for-STM32/bin/../lib/gcc/arm-none-eabi/12.3.1/../../../../arm-none-eabi/lib/thumb/v7e-m/nofp\libg.a(libc_a-findfp.o)
                              C:/MyProgramFiles/Engineering/Embedded/STM32CubeCLT-1.16.0/STM32CubeCLT_1.16.0/GNU-tools-for-STM32/bin/../lib/gcc/arm-none-eabi/12.3.1/../../../../arm-none-eabi/lib/thumb/v7e-m/nofp\libg.a(libc_a-exit.o) (__stdio_exit_handler)
C:/MyProgramFiles/Engineering/Embedded/STM32CubeCLT-1.16.0/STM32CubeCLT_1.16.0/GNU-tools-for-STM32/bin/../lib/gcc/arm-none-eabi/12.3.1/../../../../arm-none-eabi/lib/thumb/v7e-m/nofp\libg.a(libc_a-fwalk.o)
[...]
Memory Configuration

Name             Origin             Length             Attributes
CCMRAM           0x10000000         0x00010000         xrw
RAM              0x20000000         0x00030000         xrw
FLASH            0x08000000         0x00200000         xr
*default*        0x00000000         0xffffffff

Linker script and memory map

LOAD C:/MyProgramFiles/Engineering/Embedded/STM32CubeCLT-1.16.0/STM32CubeCLT_1.16.0/GNU-tools-for-STM32/bin/../lib/gcc/arm-none-eabi/12.3.1/thumb/v7e-m/nofp/crti.o
LOAD C:/MyProgramFiles/Engineering/Embedded/STM32CubeCLT-1.16.0/STM32CubeCLT_1.16.0/GNU-tools-for-STM32/bin/../lib/gcc/arm-none-eabi/12.3.1/thumb/v7e-m/nofp/crtbegin.o
LOAD C:/MyProgramFiles/Engineering/Embedded/STM32CubeCLT-1.16.0/STM32CubeCLT_1.16.0/GNU-tools-for-STM32/bin/../lib/gcc/arm-none-eabi/12.3.1/../../../../arm-none-eabi/lib/thumb/v7e-m/nofp/crt0.o
LOAD CMakeFiles/STM32DBUSTest.elf.dir/Core/Src/RC.cpp.obj
LOAD CMakeFiles/STM32DBUSTest.elf.dir/Core/Src/dma.c.obj
LOAD CMakeFiles/STM32DBUSTest.elf.dir/Core/Src/gpio.c.obj
LOAD CMakeFiles/STM32DBUSTest.elf.dir/Core/Src/main.c.obj
LOAD CMakeFiles/STM32DBUSTest.elf.dir/Core/Src/startup.cpp.obj
LOAD CMakeFiles/STM32DBUSTest.elf.dir/Core/Src/stm32f4xx_hal_msp.c.obj
LOAD CMakeFiles/STM32DBUSTest.elf.dir/Core/Src/stm32f4xx_it.c.obj
LOAD CMakeFiles/STM32DBUSTest.elf.dir/Core/Src/syscalls.c.obj
LOAD CMakeFiles/STM32DBUSTest.elf.dir/Core/Src/sysmem.c.obj
LOAD CMakeFiles/STM32DBUSTest.elf.dir/Core/Src/system_stm32f4xx.c.obj
LOAD CMakeFiles/STM32DBUSTest.elf.dir/Core/Src/usart.c.obj
LOAD CMakeFiles/STM32DBUSTest.elf.dir/Core/Startup/startup_stm32f427iihx.s.obj
LOAD CMakeFiles/STM32DBUSTest.elf.dir/Drivers/STM32F4xx_HAL_Driver/Src/stm32f4xx_hal.c.obj
LOAD CMakeFiles/STM32DBUSTest.elf.dir/Drivers/STM32F4xx_HAL_Driver/Src/stm32f4xx_hal_cortex.c.obj
LOAD CMakeFiles/STM32DBUSTest.elf.dir/Drivers/STM32F4xx_HAL_Driver/Src/stm32f4xx_hal_dma.c.obj
LOAD CMakeFiles/STM32DBUSTest.elf.dir/Drivers/STM32F4xx_HAL_Driver/Src/stm32f4xx_hal_dma_ex.c.obj
LOAD CMakeFiles/STM32DBUSTest.elf.dir/Drivers/STM32F4xx_HAL_Driver/Src/stm32f4xx_hal_exti.c.obj
LOAD CMakeFiles/STM32DBUSTest.elf.dir/Drivers/STM32F4xx_HAL_Driver/Src/stm32f4xx_hal_flash.c.obj
LOAD CMakeFiles/STM32DBUSTest.elf.dir/Drivers/STM32F4xx_HAL_Driver/Src/stm32f4xx_hal_flash_ex.c.obj
LOAD CMakeFiles/STM32DBUSTest.elf.dir/Drivers/STM32F4xx_HAL_Driver/Src/stm32f4xx_hal_flash_ramfunc.c.obj
LOAD CMakeFiles/STM32DBUSTest.elf.dir/Drivers/STM32F4xx_HAL_Driver/Src/stm32f4xx_hal_gpio.c.obj
LOAD CMakeFiles/STM32DBUSTest.elf.dir/Drivers/STM32F4xx_HAL_Driver/Src/stm32f4xx_hal_pwr.c.obj
LOAD CMakeFiles/STM32DBUSTest.elf.dir/Drivers/STM32F4xx_HAL_Driver/Src/stm32f4xx_hal_pwr_ex.c.obj
LOAD CMakeFiles/STM32DBUSTest.elf.dir/Drivers/STM32F4xx_HAL_Driver/Src/stm32f4xx_hal_rcc.c.obj
LOAD CMakeFiles/STM32DBUSTest.elf.dir/Drivers/STM32F4xx_HAL_Driver/Src/stm32f4xx_hal_rcc_ex.c.obj
LOAD CMakeFiles/STM32DBUSTest.elf.dir/Drivers/STM32F4xx_HAL_Driver/Src/stm32f4xx_hal_tim.c.obj
LOAD CMakeFiles/STM32DBUSTest.elf.dir/Drivers/STM32F4xx_HAL_Driver/Src/stm32f4xx_hal_tim_ex.c.obj
LOAD CMakeFiles/STM32DBUSTest.elf.dir/Drivers/STM32F4xx_HAL_Driver/Src/stm32f4xx_hal_uart.c.obj
LOAD C:/MyProgramFiles/Engineering/Embedded/STM32CubeCLT-1.16.0/STM32CubeCLT_1.16.0/GNU-tools-for-STM32/bin/../lib/gcc/arm-none-eabi/12.3.1/../../../../arm-none-eabi/lib/thumb/v7e-m/nofp\libstdc++.a
LOAD C:/MyProgramFiles/Engineering/Embedded/STM32CubeCLT-1.16.0/STM32CubeCLT_1.16.0/GNU-tools-for-STM32/bin/../lib/gcc/arm-none-eabi/12.3.1/../../../../arm-none-eabi/lib/thumb/v7e-m/nofp\libm.a
START GROUP
LOAD C:/MyProgramFiles/Engineering/Embedded/STM32CubeCLT-1.16.0/STM32CubeCLT_1.16.0/GNU-tools-for-STM32/bin/../lib/gcc/arm-none-eabi/12.3.1/thumb/v7e-m/nofp\libgcc.a
LOAD C:/MyProgramFiles/Engineering/Embedded/STM32CubeCLT-1.16.0/STM32CubeCLT_1.16.0/GNU-tools-for-STM32/bin/../lib/gcc/arm-none-eabi/12.3.1/../../../../arm-none-eabi/lib/thumb/v7e-m/nofp\libg.a
LOAD C:/MyProgramFiles/Engineering/Embedded/STM32CubeCLT-1.16.0/STM32CubeCLT_1.16.0/GNU-tools-for-STM32/bin/../lib/gcc/arm-none-eabi/12.3.1/../../../../arm-none-eabi/lib/thumb/v7e-m/nofp\libc.a
END GROUP
LOAD C:/MyProgramFiles/Engineering/Embedded/STM32CubeCLT-1.16.0/STM32CubeCLT_1.16.0/GNU-tools-for-STM32/bin/../lib/gcc/arm-none-eabi/12.3.1/thumb/v7e-m/nofp/crtend.o
LOAD C:/MyProgramFiles/Engineering/Embedded/STM32CubeCLT-1.16.0/STM32CubeCLT_1.16.0/GNU-tools-for-STM32/bin/../lib/gcc/arm-none-eabi/12.3.1/thumb/v7e-m/nofp/crtn.o
                0x20030000                        _estack = (ORIGIN (RAM) + LENGTH (RAM))
                0x00000200                        _Min_Heap_Size = 0x200
                0x00000400                        _Min_Stack_Size = 0x400

.isr_vector     0x08000000      0x1ac
                0x08000000                        . = ALIGN (0x4)
 *(.isr_vector)
 .isr_vector    0x08000000      0x1ac CMakeFiles/STM32DBUSTest.elf.dir/Core/Startup/startup_stm32f427iihx.s.obj
                0x08000000                g_pfnVectors
                0x080001ac                        . = ALIGN (0x4)

.text           0x080001ac     0x3600
                0x080001ac                        . = ALIGN (0x4)
 *(.text)
 .text          0x080001ac       0x40 C:/MyProgramFiles/Engineering/Embedded/STM32CubeCLT-1.16.0/STM32CubeCLT_1.16.0/GNU-tools-for-STM32/bin/../lib/gcc/arm-none-eabi/12.3.1/thumb/v7e-m/nofp/crtbegin.o
 .text          0x080001ec      0x21c C:/MyProgramFiles/Engineering/Embedded/STM32CubeCLT-1.16.0/STM32CubeCLT_1.16.0/GNU-tools-for-STM32/bin/../lib/gcc/arm-none-eabi/12.3.1/thumb/v7e-m/nofp\libgcc.a(_arm_addsubsf3.o)
                0x080001ec                __aeabi_frsub
                0x080001f4                __subsf3
                0x080001f4                __aeabi_fsub
                0x080001f8                __aeabi_fadd
                0x080001f8                __addsf3
                0x08000358                __aeabi_ui2f
                0x08000358                __floatunsisf
                0x08000360                __aeabi_i2f
                0x08000360                __floatsisf
                0x0800037c                __aeabi_ul2f
                0x0800037c                __floatundisf
                0x0800038c                __aeabi_l2f
                0x0800038c                __floatdisf
 .text          0x08000408      0x2a0 C:/MyProgramFiles/Engineering/Embedded/STM32CubeCLT-1.16.0/STM32CubeCLT_1.16.0/GNU-tools-for-STM32/bin/../lib/gcc/arm-none-eabi/12.3.1/thumb/v7e-m/nofp\libgcc.a(_arm_muldivsf3.o)
                0x08000408                __mulsf3
                0x08000408                __aeabi_fmul
                0x08000570                __aeabi_fdiv
                0x08000570                __divsf3
 .text          0x080006a8       0x30 C:/MyProgramFiles/Engineering/Embedded/STM32CubeCLT-1.16.0/STM32CubeCLT_1.16.0/GNU-tools-for-STM32/bin/../lib/gcc/arm-none-eabi/12.3.1/thumb/v7e-m/nofp\libgcc.a(_aeabi_uldivmod.o)
                0x080006a8                __aeabi_uldivmod
 .text          0x080006d8      0x2bc C:/MyProgramFiles/Engineering/Embedded/STM32CubeCLT-1.16.0/STM32CubeCLT_1.16.0/GNU-tools-for-STM32/bin/../lib/gcc/arm-none-eabi/12.3.1/thumb/v7e-m/nofp\libgcc.a(_udivmoddi4.o)
                0x080006d8                __udivmoddi4
 .text          0x08000994      0x9f4 C:/MyProgramFiles/Engineering/Embedded/STM32CubeCLT-1.16.0/STM32CubeCLT_1.16.0/GNU-tools-for-STM32/bin/../lib/gcc/arm-none-eabi/12.3.1/thumb/v7e-m/nofp\libgcc.a(unwind-arm.o)
                0x08000c44                _Unwind_GetCFA
                0x08000c48                __gnu_Unwind_RaiseException
                0x08000cb0                __gnu_Unwind_ForcedUnwind
                0x08000cc0                __gnu_Unwind_Resume
                0x08000d04                __gnu_Unwind_Resume_or_Rethrow
                0x08000d14                _Unwind_Complete
                0x08000d18                _Unwind_DeleteException
                0x08000d24                _Unwind_VRS_Get
                0x08000d70                _Unwind_VRS_Set
                0x08000db8                __gnu_Unwind_Backtrace
                0x080010d4                __aeabi_unwind_cpp_pr0
                0x080010d8                __aeabi_unwind_cpp_pr1
                0x080010dc                __aeabi_unwind_cpp_pr2
                0x080010e0                _Unwind_VRS_Pop
 .text          0x08001388      0x1ac C:/MyProgramFiles/Engineering/Embedded/STM32CubeCLT-1.16.0/STM32CubeCLT_1.16.0/GNU-tools-for-STM32/bin/../lib/gcc/arm-none-eabi/12.3.1/thumb/v7e-m/nofp\libgcc.a(libunwind.o)
                0x08001388                __restore_core_regs
                0x08001388                restore_core_regs
                0x080013a0                __gnu_Unwind_Restore_VFP
                0x080013a8                __gnu_Unwind_Save_VFP
                0x080013b0                __gnu_Unwind_Restore_VFP_D
                0x080013b8                __gnu_Unwind_Save_VFP_D
                0x080013c0                __gnu_Unwind_Restore_VFP_D_16_to_31
                0x080013c8                __gnu_Unwind_Save_VFP_D_16_to_31
                0x080013d0                __gnu_Unwind_Restore_WMMXD
                0x08001414                __gnu_Unwind_Save_WMMXD
                0x08001458                __gnu_Unwind_Restore_WMMXC
                0x0800146c                __gnu_Unwind_Save_WMMXC
                0x08001480                ___Unwind_RaiseException
                0x08001480                _Unwind_RaiseException
                0x080014a4                _Unwind_Resume
                0x080014a4                ___Unwind_Resume
                0x080014c8                _Unwind_Resume_or_Rethrow
                0x080014c8                ___Unwind_Resume_or_Rethrow
                0x080014ec                _Unwind_ForcedUnwind
                0x080014ec                ___Unwind_ForcedUnwind
                0x08001510                ___Unwind_Backtrace
                0x08001510                _Unwind_Backtrace
 .text          0x08001534      0x378 C:/MyProgramFiles/Engineering/Embedded/STM32CubeCLT-1.16.0/STM32CubeCLT_1.16.0/GNU-tools-for-STM32/bin/../lib/gcc/arm-none-eabi/12.3.1/thumb/v7e-m/nofp\libgcc.a(pr-support.o)
                0x0800158c                __gnu_unwind_execute
                0x08001860                __gnu_unwind_frame
                0x0800188c                _Unwind_GetRegionStart
                0x08001898                _Unwind_GetLanguageSpecificData
 .text          0x080018ac        0x4 C:/MyProgramFiles/Engineering/Embedded/STM32CubeCLT-1.16.0/STM32CubeCLT_1.16.0/GNU-tools-for-STM32/bin/../lib/gcc/arm-none-eabi/12.3.1/thumb/v7e-m/nofp\libgcc.a(_dvmd_tls.o)
                0x080018ac                __aeabi_idiv0
                0x080018ac                __aeabi_ldiv0
 *(.text*)
 .text._Z22linearMappingInt2Floatiiiff
                0x080018b0       0x40 CMakeFiles/STM32DBUSTest.elf.dir/Core/Src/RC.cpp.obj
                0x080018b0                linearMappingInt2Float(int, int, int, float, float)
 .text._ZN2RC4initEv
                0x080018f0       0x50 CMakeFiles/STM32DBUSTest.elf.dir/Core/Src/RC.cpp.obj
                0x080018f0                RC::init()
 .text._ZN2RC11frameHandleEv
                0x08001940      0x160 CMakeFiles/STM32DBUSTest.elf.dir/Core/Src/RC.cpp.obj
                0x08001940                RC::frameHandle()
 .text.HAL_UARTEx_RxEventCallback
                0x08001aa0       0x18 CMakeFiles/STM32DBUSTest.elf.dir/Core/Src/RC.cpp.obj
                0x08001aa0                HAL_UARTEx_RxEventCallback
 .text.MX_DMA_Init
                0x08001ab8       0x34 CMakeFiles/STM32DBUSTest.elf.dir/Core/Src/dma.c.obj
                0x08001ab8                MX_DMA_Init
 .text.MX_GPIO_Init
                0x08001aec       0xcc CMakeFiles/STM32DBUSTest.elf.dir/Core/Src/gpio.c.obj
                0x08001aec                MX_GPIO_Init
 .text.Error_Handler
                0x08001bb8        0x4 CMakeFiles/STM32DBUSTest.elf.dir/Core/Src/main.c.obj
                0x08001bb8                Error_Handler
 .text.SystemClock_Config
                0x08001bbc       0xb4 CMakeFiles/STM32DBUSTest.elf.dir/Core/Src/main.c.obj
                0x08001bbc                SystemClock_Config
 .text.main     0x08001c70       0x1c CMakeFiles/STM32DBUSTest.elf.dir/Core/Src/main.c.obj
                0x08001c70                main
 .text.startup  0x08001c8c        0x8 CMakeFiles/STM32DBUSTest.elf.dir/Core/Src/startup.cpp.obj
                0x08001c8c                startup
 .text.HAL_MspInit
                0x08001c94       0x38 CMakeFiles/STM32DBUSTest.elf.dir/Core/Src/stm32f4xx_hal_msp.c.obj
                0x08001c94                HAL_MspInit
 .text.NMI_Handler
                0x08001ccc        0x2 CMakeFiles/STM32DBUSTest.elf.dir/Core/Src/stm32f4xx_it.c.obj
                0x08001ccc                NMI_Handler
 .text.HardFault_Handler
                0x08001cce        0x2 CMakeFiles/STM32DBUSTest.elf.dir/Core/Src/stm32f4xx_it.c.obj
                0x08001cce                HardFault_Handler
 .text.MemManage_Handler
                0x08001cd0        0x2 CMakeFiles/STM32DBUSTest.elf.dir/Core/Src/stm32f4xx_it.c.obj
                0x08001cd0                MemManage_Handler
 .text.BusFault_Handler
                0x08001cd2        0x2 CMakeFiles/STM32DBUSTest.elf.dir/Core/Src/stm32f4xx_it.c.obj
                0x08001cd2                BusFault_Handler
 .text.UsageFault_Handler
                0x08001cd4        0x2 CMakeFiles/STM32DBUSTest.elf.dir/Core/Src/stm32f4xx_it.c.obj
                0x08001cd4                UsageFault_Handler
 .text.SVC_Handler
                0x08001cd6        0x2 CMakeFiles/STM32DBUSTest.elf.dir/Core/Src/stm32f4xx_it.c.obj
                0x08001cd6                SVC_Handler
 .text.DebugMon_Handler
                0x08001cd8        0x2 CMakeFiles/STM32DBUSTest.elf.dir/Core/Src/stm32f4xx_it.c.obj
                0x08001cd8                DebugMon_Handler
 .text.PendSV_Handler
                0x08001cda        0x2 CMakeFiles/STM32DBUSTest.elf.dir/Core/Src/stm32f4xx_it.c.obj
                0x08001cda                PendSV_Handler
 .text.SysTick_Handler
                0x08001cdc        0x8 CMakeFiles/STM32DBUSTest.elf.dir/Core/Src/stm32f4xx_it.c.obj
                0x08001cdc                SysTick_Handler
 .text.USART1_IRQHandler
                0x08001ce4       0x10 CMakeFiles/STM32DBUSTest.elf.dir/Core/Src/stm32f4xx_it.c.obj
                0x08001ce4                USART1_IRQHandler
 .text.DMA2_Stream2_IRQHandler
                0x08001cf4       0x10 CMakeFiles/STM32DBUSTest.elf.dir/Core/Src/stm32f4xx_it.c.obj
                0x08001cf4                DMA2_Stream2_IRQHandler
 .text._getpid  0x08001d04        0x4 CMakeFiles/STM32DBUSTest.elf.dir/Core/Src/syscalls.c.obj
                0x08001d04                _getpid
 .text._kill    0x08001d08       0x10 CMakeFiles/STM32DBUSTest.elf.dir/Core/Src/syscalls.c.obj
                0x08001d08                _kill
 .text._exit    0x08001d18        0xc CMakeFiles/STM32DBUSTest.elf.dir/Core/Src/syscalls.c.obj
                0x08001d18                _exit
 .text.SystemInit
                0x08001d24        0x2 CMakeFiles/STM32DBUSTest.elf.dir/Core/Src/system_stm32f4xx.c.obj
                0x08001d24                SystemInit
 *fill*         0x08001d26        0x2 
 .text.MX_USART1_UART_Init
                0x08001d28       0x40 CMakeFiles/STM32DBUSTest.elf.dir/Core/Src/usart.c.obj
                0x08001d28                MX_USART1_UART_Init
 .text.HAL_UART_MspInit
                0x08001d68       0xbc CMakeFiles/STM32DBUSTest.elf.dir/Core/Src/usart.c.obj
                0x08001d68                HAL_UART_MspInit
 .text.Reset_Handler
                0x08001e24       0x50 CMakeFiles/STM32DBUSTest.elf.dir/Core/Startup/startup_stm32f427iihx.s.obj
                0x08001e24                Reset_Handler
 .text.Default_Handler
                0x08001e74        0x2 CMakeFiles/STM32DBUSTest.elf.dir/Core/Startup/startup_stm32f427iihx.s.obj
                0x08001e74                RTC_Alarm_IRQHandler
                0x08001e74                HASH_RNG_IRQHandler
                0x08001e74                EXTI2_IRQHandler
                0x08001e74                TIM8_CC_IRQHandler
                0x08001e74                UART8_IRQHandler
                0x08001e74                SPI4_IRQHandler
                0x08001e74                TIM1_CC_IRQHandler
                0x08001e74                DMA2_Stream5_IRQHandler
                0x08001e74                DMA1_Stream5_IRQHandler
                0x08001e74                PVD_IRQHandler
                0x08001e74                SDIO_IRQHandler
                0x08001e74                TAMP_STAMP_IRQHandler
                0x08001e74                CAN2_RX1_IRQHandler
                0x08001e74                EXTI3_IRQHandler
                0x08001e74                TIM8_TRG_COM_TIM14_IRQHandler
                0x08001e74                TIM1_UP_TIM10_IRQHandler
                0x08001e74                TIM8_UP_TIM13_IRQHandler
                0x08001e74                I2C3_ER_IRQHandler
                0x08001e74                EXTI0_IRQHandler
                0x08001e74                I2C2_EV_IRQHandler
                0x08001e74                DMA1_Stream2_IRQHandler
                0x08001e74                CAN1_RX0_IRQHandler
                0x08001e74                FPU_IRQHandler
                0x08001e74                OTG_HS_WKUP_IRQHandler
                0x08001e74                CAN2_SCE_IRQHandler
                0x08001e74                SPI1_IRQHandler
                0x08001e74                TIM6_DAC_IRQHandler
                0x08001e74                TIM1_BRK_TIM9_IRQHandler
                0x08001e74                DCMI_IRQHandler
                0x08001e74                CAN2_RX0_IRQHandler
                0x08001e74                DMA2_Stream3_IRQHandler
                0x08001e74                USART6_IRQHandler
                0x08001e74                USART3_IRQHandler
                0x08001e74                CAN1_RX1_IRQHandler
                0x08001e74                UART5_IRQHandler
                0x08001e74                DMA2_Stream0_IRQHandler
                0x08001e74                TIM4_IRQHandler
                0x08001e74                I2C1_EV_IRQHandler
                0x08001e74                DMA1_Stream6_IRQHandler
                0x08001e74                DMA1_Stream1_IRQHandler
                0x08001e74                UART4_IRQHandler
                0x08001e74                TIM3_IRQHandler
                0x08001e74                RCC_IRQHandler
                0x08001e74                TIM8_BRK_TIM12_IRQHandler
                0x08001e74                Default_Handler
                0x08001e74                EXTI15_10_IRQHandler
                0x08001e74                ADC_IRQHandler
                0x08001e74                DMA1_Stream7_IRQHandler
                0x08001e74                SPI5_IRQHandler
                0x08001e74                TIM7_IRQHandler
                0x08001e74                CAN2_TX_IRQHandler
                0x08001e74                TIM5_IRQHandler
                0x08001e74                DMA2_Stream7_IRQHandler
                0x08001e74                I2C3_EV_IRQHandler
                0x08001e74                EXTI9_5_IRQHandler
                0x08001e74                RTC_WKUP_IRQHandler
                0x08001e74                ETH_WKUP_IRQHandler
                0x08001e74                SPI2_IRQHandler
                0x08001e74                OTG_HS_EP1_IN_IRQHandler
                0x08001e74                DMA1_Stream0_IRQHandler
                0x08001e74                CAN1_TX_IRQHandler
                0x08001e74                EXTI4_IRQHandler
                0x08001e74                ETH_IRQHandler
                0x08001e74                OTG_HS_EP1_OUT_IRQHandler
                0x08001e74                WWDG_IRQHandler
                0x08001e74                SPI6_IRQHandler
                0x08001e74                TIM2_IRQHandler
                0x08001e74                OTG_FS_WKUP_IRQHandler
                0x08001e74                TIM1_TRG_COM_TIM11_IRQHandler
                0x08001e74                OTG_HS_IRQHandler
                0x08001e74                DMA2D_IRQHandler
                0x08001e74                EXTI1_IRQHandler
                0x08001e74                UART7_IRQHandler
                0x08001e74                USART2_IRQHandler
                0x08001e74                I2C2_ER_IRQHandler
                0x08001e74                DMA2_Stream1_IRQHandler
                0x08001e74                CAN1_SCE_IRQHandler
                0x08001e74                FLASH_IRQHandler
                0x08001e74                DMA2_Stream4_IRQHandler
                0x08001e74                OTG_FS_IRQHandler
                0x08001e74                SPI3_IRQHandler
                0x08001e74                DMA1_Stream4_IRQHandler
                0x08001e74                I2C1_ER_IRQHandler
                0x08001e74                FMC_IRQHandler
                0x08001e74                DMA2_Stream6_IRQHandler
                0x08001e74                SAI1_IRQHandler
                0x08001e74                DMA1_Stream3_IRQHandler
 *fill*         0x08001e76        0x2 
 .text.HAL_InitTick
                0x08001e78       0x4c CMakeFiles/STM32DBUSTest.elf.dir/Drivers/STM32F4xx_HAL_Driver/Src/stm32f4xx_hal.c.obj
                0x08001e78                HAL_InitTick
 .text.HAL_Init
                0x08001ec4       0x34 CMakeFiles/STM32DBUSTest.elf.dir/Drivers/STM32F4xx_HAL_Driver/Src/stm32f4xx_hal.c.obj
                0x08001ec4                HAL_Init
 .text.HAL_IncTick
                0x08001ef8       0x18 CMakeFiles/STM32DBUSTest.elf.dir/Drivers/STM32F4xx_HAL_Driver/Src/stm32f4xx_hal.c.obj
                0x08001ef8                HAL_IncTick
 .text.HAL_GetTick
                0x08001f10        0xc CMakeFiles/STM32DBUSTest.elf.dir/Drivers/STM32F4xx_HAL_Driver/Src/stm32f4xx_hal.c.obj
                0x08001f10                HAL_GetTick
 .text.__NVIC_SetPriority
                0x08001f1c       0x28 CMakeFiles/STM32DBUSTest.elf.dir/Drivers/STM32F4xx_HAL_Driver/Src/stm32f4xx_hal_cortex.c.obj
 .text.NVIC_EncodePriority
                0x08001f44       0x3e CMakeFiles/STM32DBUSTest.elf.dir/Drivers/STM32F4xx_HAL_Driver/Src/stm32f4xx_hal_cortex.c.obj
 *fill*         0x08001f82        0x2 
 .text.HAL_NVIC_SetPriorityGrouping
                0x08001f84       0x24 CMakeFiles/STM32DBUSTest.elf.dir/Drivers/STM32F4xx_HAL_Driver/Src/stm32f4xx_hal_cortex.c.obj
                0x08001f84                HAL_NVIC_SetPriorityGrouping
 .text.HAL_NVIC_SetPriority
                0x08001fa8       0x20 CMakeFiles/STM32DBUSTest.elf.dir/Drivers/STM32F4xx_HAL_Driver/Src/stm32f4xx_hal_cortex.c.obj
                0x08001fa8                HAL_NVIC_SetPriority
 .text.HAL_NVIC_EnableIRQ
                0x08001fc8       0x1c CMakeFiles/STM32DBUSTest.elf.dir/Drivers/STM32F4xx_HAL_Driver/Src/stm32f4xx_hal_cortex.c.obj
                0x08001fc8                HAL_NVIC_EnableIRQ
 .text.HAL_SYSTICK_Config
                0x08001fe4       0x28 CMakeFiles/STM32DBUSTest.elf.dir/Drivers/STM32F4xx_HAL_Driver/Src/stm32f4xx_hal_cortex.c.obj
                0x08001fe4                HAL_SYSTICK_Config
 .text.DMA_SetConfig
                0x0800200c       0x2c CMakeFiles/STM32DBUSTest.elf.dir/Drivers/STM32F4xx_HAL_Driver/Src/stm32f4xx_hal_dma.c.obj
 .text.DMA_CalcBaseAndBitshift
                0x08002038       0x40 CMakeFiles/STM32DBUSTest.elf.dir/Drivers/STM32F4xx_HAL_Driver/Src/stm32f4xx_hal_dma.c.obj
 .text.DMA_CheckFifoParam
                0x08002078       0x8e CMakeFiles/STM32DBUSTest.elf.dir/Drivers/STM32F4xx_HAL_Driver/Src/stm32f4xx_hal_dma.c.obj
 *fill*         0x08002106        0x2 
 .text.HAL_DMA_Init
                0x08002108       0xcc CMakeFiles/STM32DBUSTest.elf.dir/Drivers/STM32F4xx_HAL_Driver/Src/stm32f4xx_hal_dma.c.obj
                0x08002108                HAL_DMA_Init
 .text.HAL_DMA_Start_IT
                0x080021d4       0x6a CMakeFiles/STM32DBUSTest.elf.dir/Drivers/STM32F4xx_HAL_Driver/Src/stm32f4xx_hal_dma.c.obj
                0x080021d4                HAL_DMA_Start_IT
 .text.HAL_DMA_Abort
                0x0800223e       0x94 CMakeFiles/STM32DBUSTest.elf.dir/Drivers/STM32F4xx_HAL_Driver/Src/stm32f4xx_hal_dma.c.obj
                0x0800223e                HAL_DMA_Abort
 .text.HAL_DMA_Abort_IT
                0x080022d2       0x26 CMakeFiles/STM32DBUSTest.elf.dir/Drivers/STM32F4xx_HAL_Driver/Src/stm32f4xx_hal_dma.c.obj
                0x080022d2                HAL_DMA_Abort_IT
 .text.HAL_DMA_IRQHandler
                0x080022f8      0x1dc CMakeFiles/STM32DBUSTest.elf.dir/Drivers/STM32F4xx_HAL_Driver/Src/stm32f4xx_hal_dma.c.obj
                0x080022f8                HAL_DMA_IRQHandler
 .text.HAL_GPIO_Init
                0x080024d4      0x20c CMakeFiles/STM32DBUSTest.elf.dir/Drivers/STM32F4xx_HAL_Driver/Src/stm32f4xx_hal_gpio.c.obj
                0x080024d4                HAL_GPIO_Init
 .text.HAL_GPIO_WritePin
                0x080026e0        0xc CMakeFiles/STM32DBUSTest.elf.dir/Drivers/STM32F4xx_HAL_Driver/Src/stm32f4xx_hal_gpio.c.obj
                0x080026e0                HAL_GPIO_WritePin
 .text.HAL_PWREx_EnableOverDrive
                0x080026ec       0x7c CMakeFiles/STM32DBUSTest.elf.dir/Drivers/STM32F4xx_HAL_Driver/Src/stm32f4xx_hal_pwr_ex.c.obj
                0x080026ec                HAL_PWREx_EnableOverDrive
 .text.HAL_RCC_OscConfig
                0x08002768      0x3f8 CMakeFiles/STM32DBUSTest.elf.dir/Drivers/STM32F4xx_HAL_Driver/Src/stm32f4xx_hal_rcc.c.obj
                0x08002768                HAL_RCC_OscConfig
 .text.HAL_RCC_GetSysClockFreq
                0x08002b60       0xa8 CMakeFiles/STM32DBUSTest.elf.dir/Drivers/STM32F4xx_HAL_Driver/Src/stm32f4xx_hal_rcc.c.obj
                0x08002b60                HAL_RCC_GetSysClockFreq
 .text.HAL_RCC_ClockConfig
                0x08002c08      0x160 CMakeFiles/STM32DBUSTest.elf.dir/Drivers/STM32F4xx_HAL_Driver/Src/stm32f4xx_hal_rcc.c.obj
                0x08002c08                HAL_RCC_ClockConfig
 .text.HAL_RCC_GetHCLKFreq
                0x08002d68        0xc CMakeFiles/STM32DBUSTest.elf.dir/Drivers/STM32F4xx_HAL_Driver/Src/stm32f4xx_hal_rcc.c.obj
                0x08002d68                HAL_RCC_GetHCLKFreq
 .text.HAL_RCC_GetPCLK1Freq
                0x08002d74       0x20 CMakeFiles/STM32DBUSTest.elf.dir/Drivers/STM32F4xx_HAL_Driver/Src/stm32f4xx_hal_rcc.c.obj
                0x08002d74                HAL_RCC_GetPCLK1Freq
 .text.HAL_RCC_GetPCLK2Freq
                0x08002d94       0x20 CMakeFiles/STM32DBUSTest.elf.dir/Drivers/STM32F4xx_HAL_Driver/Src/stm32f4xx_hal_rcc.c.obj
                0x08002d94                HAL_RCC_GetPCLK2Freq
 .text.UART_EndTxTransfer
                0x08002db4       0x20 CMakeFiles/STM32DBUSTest.elf.dir/Drivers/STM32F4xx_HAL_Driver/Src/stm32f4xx_hal_uart.c.obj
 .text.UART_EndRxTransfer
                0x08002dd4       0x5c CMakeFiles/STM32DBUSTest.elf.dir/Drivers/STM32F4xx_HAL_Driver/Src/stm32f4xx_hal_uart.c.obj
 .text.UART_Transmit_IT
                0x08002e30       0x60 CMakeFiles/STM32DBUSTest.elf.dir/Drivers/STM32F4xx_HAL_Driver/Src/stm32f4xx_hal_uart.c.obj
 .text.UART_SetConfig
                0x08002e90      0x110 CMakeFiles/STM32DBUSTest.elf.dir/Drivers/STM32F4xx_HAL_Driver/Src/stm32f4xx_hal_uart.c.obj
 .text.HAL_UART_Init
                0x08002fa0       0x5e CMakeFiles/STM32DBUSTest.elf.dir/Drivers/STM32F4xx_HAL_Driver/Src/stm32f4xx_hal_uart.c.obj
                0x08002fa0                HAL_UART_Init
 .text.HAL_UART_TxCpltCallback
                0x08002ffe        0x2 CMakeFiles/STM32DBUSTest.elf.dir/Drivers/STM32F4xx_HAL_Driver/Src/stm32f4xx_hal_uart.c.obj
                0x08002ffe                HAL_UART_TxCpltCallback
 .text.UART_EndTransmit_IT
                0x08003000       0x1a CMakeFiles/STM32DBUSTest.elf.dir/Drivers/STM32F4xx_HAL_Driver/Src/stm32f4xx_hal_uart.c.obj
 .text.HAL_UART_RxCpltCallback
                0x0800301a        0x2 CMakeFiles/STM32DBUSTest.elf.dir/Drivers/STM32F4xx_HAL_Driver/Src/stm32f4xx_hal_uart.c.obj
                0x0800301a                HAL_UART_RxCpltCallback
 .text.HAL_UART_RxHalfCpltCallback
                0x0800301c        0x2 CMakeFiles/STM32DBUSTest.elf.dir/Drivers/STM32F4xx_HAL_Driver/Src/stm32f4xx_hal_uart.c.obj
                0x0800301c                HAL_UART_RxHalfCpltCallback
 .text.HAL_UART_ErrorCallback
                0x0800301e        0x2 CMakeFiles/STM32DBUSTest.elf.dir/Drivers/STM32F4xx_HAL_Driver/Src/stm32f4xx_hal_uart.c.obj
                0x0800301e                HAL_UART_ErrorCallback
 .text.UART_DMAError
                0x08003020       0x58 CMakeFiles/STM32DBUSTest.elf.dir/Drivers/STM32F4xx_HAL_Driver/Src/stm32f4xx_hal_uart.c.obj
 .text.UART_DMAAbortOnError
                0x08003078       0x10 CMakeFiles/STM32DBUSTest.elf.dir/Drivers/STM32F4xx_HAL_Driver/Src/stm32f4xx_hal_uart.c.obj
 .text.UART_Receive_IT
                0x08003088       0xe2 CMakeFiles/STM32DBUSTest.elf.dir/Drivers/STM32F4xx_HAL_Driver/Src/stm32f4xx_hal_uart.c.obj
 *fill*         0x0800316a        0x2 
 .text.HAL_UART_IRQHandler
                0x0800316c      0x27c CMakeFiles/STM32DBUSTest.elf.dir/Drivers/STM32F4xx_HAL_Driver/Src/stm32f4xx_hal_uart.c.obj
                0x0800316c                HAL_UART_IRQHandler
 .text.UART_DMARxHalfCplt
                0x080033e8       0x1a CMakeFiles/STM32DBUSTest.elf.dir/Drivers/STM32F4xx_HAL_Driver/Src/stm32f4xx_hal_uart.c.obj
 .text.UART_DMAReceiveCplt
                0x08003402       0x96 CMakeFiles/STM32DBUSTest.elf.dir/Drivers/STM32F4xx_HAL_Driver/Src/stm32f4xx_hal_uart.c.obj
 .text.UART_Start_Receive_DMA
                0x08003498       0xa8 CMakeFiles/STM32DBUSTest.elf.dir/Drivers/STM32F4xx_HAL_Driver/Src/stm32f4xx_hal_uart.c.obj
                0x08003498                UART_Start_Receive_DMA
 .text.HAL_UARTEx_ReceiveToIdle_DMA
                0x08003540       0x70 CMakeFiles/STM32DBUSTest.elf.dir/Drivers/STM32F4xx_HAL_Driver/Src/stm32f4xx_hal_uart.c.obj
                0x08003540                HAL_UARTEx_ReceiveToIdle_DMA
 .text.abort    0x080035b0        0xe C:/MyProgramFiles/Engineering/Embedded/STM32CubeCLT-1.16.0/STM32CubeCLT_1.16.0/GNU-tools-for-STM32/bin/../lib/gcc/arm-none-eabi/12.3.1/../../../../arm-none-eabi/lib/thumb/v7e-m/nofp\libg.a(libc_a-abort.o)
                0x080035b0                abort
 .text.memset   0x080035be       0x10 C:/MyProgramFiles/Engineering/Embedded/STM32CubeCLT-1.16.0/STM32CubeCLT_1.16.0/GNU-tools-for-STM32/bin/../lib/gcc/arm-none-eabi/12.3.1/../../../../arm-none-eabi/lib/thumb/v7e-m/nofp\libg.a(libc_a-memset.o)
                0x080035be                memset
 .text._raise_r
                0x080035ce       0x52 C:/MyProgramFiles/Engineering/Embedded/STM32CubeCLT-1.16.0/STM32CubeCLT_1.16.0/GNU-tools-for-STM32/bin/../lib/gcc/arm-none-eabi/12.3.1/../../../../arm-none-eabi/lib/thumb/v7e-m/nofp\libg.a(libc_a-signal.o)
                0x080035ce                _raise_r
 .text.raise    0x08003620       0x10 C:/MyProgramFiles/Engineering/Embedded/STM32CubeCLT-1.16.0/STM32CubeCLT_1.16.0/GNU-tools-for-STM32/bin/../lib/gcc/arm-none-eabi/12.3.1/../../../../arm-none-eabi/lib/thumb/v7e-m/nofp\libg.a(libc_a-signal.o)
                0x08003620                raise
 .text._kill_r  0x08003630       0x24 C:/MyProgramFiles/Engineering/Embedded/STM32CubeCLT-1.16.0/STM32CubeCLT_1.16.0/GNU-tools-for-STM32/bin/../lib/gcc/arm-none-eabi/12.3.1/../../../../arm-none-eabi/lib/thumb/v7e-m/nofp\libg.a(libc_a-signalr.o)
                0x08003630                _kill_r
 .text._getpid_r
                0x08003654        0x4 C:/MyProgramFiles/Engineering/Embedded/STM32CubeCLT-1.16.0/STM32CubeCLT_1.16.0/GNU-tools-for-STM32/bin/../lib/gcc/arm-none-eabi/12.3.1/../../../../arm-none-eabi/lib/thumb/v7e-m/nofp\libg.a(libc_a-signalr.o)
                0x08003654                _getpid_r
 .text.__errno  0x08003658        0xc C:/MyProgramFiles/Engineering/Embedded/STM32CubeCLT-1.16.0/STM32CubeCLT_1.16.0/GNU-tools-for-STM32/bin/../lib/gcc/arm-none-eabi/12.3.1/../../../../arm-none-eabi/lib/thumb/v7e-m/nofp\libg.a(libc_a-errno.o)
                0x08003658                __errno
 .text.__libc_init_array
                0x08003664       0x48 C:/MyProgramFiles/Engineering/Embedded/STM32CubeCLT-1.16.0/STM32CubeCLT_1.16.0/GNU-tools-for-STM32/bin/../lib/gcc/arm-none-eabi/12.3.1/../../../../arm-none-eabi/lib/thumb/v7e-m/nofp\libg.a(libc_a-init.o)
                0x08003664                __libc_init_array
 .text.__retarget_lock_acquire_recursive
                0x080036ac        0x2 C:/MyProgramFiles/Engineering/Embedded/STM32CubeCLT-1.16.0/STM32CubeCLT_1.16.0/GNU-tools-for-STM32/bin/../lib/gcc/arm-none-eabi/12.3.1/../../../../arm-none-eabi/lib/thumb/v7e-m/nofp\libg.a(libc_a-lock.o)
                0x080036ac                __retarget_lock_acquire_recursive
 .text.__retarget_lock_release_recursive
                0x080036ae        0x2 C:/MyProgramFiles/Engineering/Embedded/STM32CubeCLT-1.16.0/STM32CubeCLT_1.16.0/GNU-tools-for-STM32/bin/../lib/gcc/arm-none-eabi/12.3.1/../../../../arm-none-eabi/lib/thumb/v7e-m/nofp\libg.a(libc_a-lock.o)
                0x080036ae                __retarget_lock_release_recursive
 .text.memcpy   0x080036b0       0x1c C:/MyProgramFiles/Engineering/Embedded/STM32CubeCLT-1.16.0/STM32CubeCLT_1.16.0/GNU-tools-for-STM32/bin/../lib/gcc/arm-none-eabi/12.3.1/../../../../arm-none-eabi/lib/thumb/v7e-m/nofp\libg.a(libc_a-memcpy-stub.o)
                0x080036b0                memcpy
 .text.startup.register_fini
                0x080036cc       0x14 C:/MyProgramFiles/Engineering/Embedded/STM32CubeCLT-1.16.0/STM32CubeCLT_1.16.0/GNU-tools-for-STM32/bin/../lib/gcc/arm-none-eabi/12.3.1/../../../../arm-none-eabi/lib/thumb/v7e-m/nofp\libg.a(libc_a-__call_atexit.o)
 .text.atexit   0x080036e0        0xc C:/MyProgramFiles/Engineering/Embedded/STM32CubeCLT-1.16.0/STM32CubeCLT_1.16.0/GNU-tools-for-STM32/bin/../lib/gcc/arm-none-eabi/12.3.1/../../../../arm-none-eabi/lib/thumb/v7e-m/nofp\libg.a(libc_a-atexit.o)
                0x080036e0                atexit
 .text.__libc_fini_array
                0x080036ec       0x28 C:/MyProgramFiles/Engineering/Embedded/STM32CubeCLT-1.16.0/STM32CubeCLT_1.16.0/GNU-tools-for-STM32/bin/../lib/gcc/arm-none-eabi/12.3.1/../../../../arm-none-eabi/lib/thumb/v7e-m/nofp\libg.a(libc_a-fini.o)
                0x080036ec                __libc_fini_array
 .text.__register_exitproc
                0x08003714       0x80 C:/MyProgramFiles/Engineering/Embedded/STM32CubeCLT-1.16.0/STM32CubeCLT_1.16.0/GNU-tools-for-STM32/bin/../lib/gcc/arm-none-eabi/12.3.1/../../../../arm-none-eabi/lib/thumb/v7e-m/nofp\libg.a(libc_a-__atexit.o)
                0x08003714                __register_exitproc
 *(.glue_7)
 .glue_7        0x08003794        0x0 linker stubs
 *(.glue_7t)
 .glue_7t       0x08003794        0x0 linker stubs
 *(.eh_frame)
 .eh_frame      0x08003794        0x0 C:/MyProgramFiles/Engineering/Embedded/STM32CubeCLT-1.16.0/STM32CubeCLT_1.16.0/GNU-tools-for-STM32/bin/../lib/gcc/arm-none-eabi/12.3.1/thumb/v7e-m/nofp/crtbegin.o
 *(.init)
 .init          0x08003794        0x4 C:/MyProgramFiles/Engineering/Embedded/STM32CubeCLT-1.16.0/STM32CubeCLT_1.16.0/GNU-tools-for-STM32/bin/../lib/gcc/arm-none-eabi/12.3.1/thumb/v7e-m/nofp/crti.o
                0x08003794                _init
 .init          0x08003798        0x8 C:/MyProgramFiles/Engineering/Embedded/STM32CubeCLT-1.16.0/STM32CubeCLT_1.16.0/GNU-tools-for-STM32/bin/../lib/gcc/arm-none-eabi/12.3.1/thumb/v7e-m/nofp/crtn.o
 *(.fini)
 .fini          0x080037a0        0x4 C:/MyProgramFiles/Engineering/Embedded/STM32CubeCLT-1.16.0/STM32CubeCLT_1.16.0/GNU-tools-for-STM32/bin/../lib/gcc/arm-none-eabi/12.3.1/thumb/v7e-m/nofp/crti.o
                0x080037a0                _fini
 .fini          0x080037a4        0x8 C:/MyProgramFiles/Engineering/Embedded/STM32CubeCLT-1.16.0/STM32CubeCLT_1.16.0/GNU-tools-for-STM32/bin/../lib/gcc/arm-none-eabi/12.3.1/thumb/v7e-m/nofp/crtn.o
                0x080037ac                        . = ALIGN (0x4)
                0x080037ac                        _etext = .

.vfp11_veneer   0x080037ac        0x0
 .vfp11_veneer  0x080037ac        0x0 linker stubs

.v4_bx          0x080037ac        0x0
 .v4_bx         0x080037ac        0x0 linker stubs

.iplt           0x080037ac        0x0
 .iplt          0x080037ac        0x0 C:/MyProgramFiles/Engineering/Embedded/STM32CubeCLT-1.16.0/STM32CubeCLT_1.16.0/GNU-tools-for-STM32/bin/../lib/gcc/arm-none-eabi/12.3.1/thumb/v7e-m/nofp/crtbegin.o

.rodata         0x080037ac       0x28
                0x080037ac                        . = ALIGN (0x4)
 *(.rodata)
 *(.rodata*)
 .rodata._ZL18RCMouseClickStates
                0x080037ac        0x2 CMakeFiles/STM32DBUSTest.elf.dir/Core/Src/RC.cpp.obj
 *fill*         0x080037ae        0x2 
 .rodata._ZL14RCSwitchStates
                0x080037b0        0x3 CMakeFiles/STM32DBUSTest.elf.dir/Core/Src/RC.cpp.obj
 *fill*         0x080037b3        0x1 
 .rodata.APBPrescTable
                0x080037b4        0x8 CMakeFiles/STM32DBUSTest.elf.dir/Core/Src/system_stm32f4xx.c.obj
                0x080037b4                APBPrescTable
 .rodata.AHBPrescTable
                0x080037bc       0x10 CMakeFiles/STM32DBUSTest.elf.dir/Core/Src/system_stm32f4xx.c.obj
                0x080037bc                AHBPrescTable
 .rodata.flagBitshiftOffset.0
                0x080037cc        0x8 CMakeFiles/STM32DBUSTest.elf.dir/Drivers/STM32F4xx_HAL_Driver/Src/stm32f4xx_hal_dma.c.obj
                0x080037d4                        . = ALIGN (0x4)

.ARM.extab      0x080037d4       0x3c
                0x080037d4                        . = ALIGN (0x4)
 *(.ARM.extab* .gnu.linkonce.armextab.*)
 .ARM.extab.text._ZN2RC4initEv
                0x080037d4        0xc CMakeFiles/STM32DBUSTest.elf.dir/Core/Src/RC.cpp.obj
 .ARM.extab.text.HAL_UARTEx_RxEventCallback
                0x080037e0        0xc CMakeFiles/STM32DBUSTest.elf.dir/Core/Src/RC.cpp.obj
 .ARM.extab.text.startup
                0x080037ec        0xc CMakeFiles/STM32DBUSTest.elf.dir/Core/Src/startup.cpp.obj
 .ARM.extab     0x080037f8       0x18 C:/MyProgramFiles/Engineering/Embedded/STM32CubeCLT-1.16.0/STM32CubeCLT_1.16.0/GNU-tools-for-STM32/bin/../lib/gcc/arm-none-eabi/12.3.1/thumb/v7e-m/nofp\libgcc.a(pr-support.o)
                0x08003810                        . = ALIGN (0x4)

.ARM            0x08003810       0xe8
                0x08003810                        . = ALIGN (0x4)
                0x08003810                        __exidx_start = .
 *(.ARM.exidx*)
 .ARM.exidx     0x08003810        0x8 C:/MyProgramFiles/Engineering/Embedded/STM32CubeCLT-1.16.0/STM32CubeCLT_1.16.0/GNU-tools-for-STM32/bin/../lib/gcc/arm-none-eabi/12.3.1/thumb/v7e-m/nofp\libgcc.a(_udivmoddi4.o)
 .ARM.exidx     0x08003818       0x78 C:/MyProgramFiles/Engineering/Embedded/STM32CubeCLT-1.16.0/STM32CubeCLT_1.16.0/GNU-tools-for-STM32/bin/../lib/gcc/arm-none-eabi/12.3.1/thumb/v7e-m/nofp\libgcc.a(unwind-arm.o)
                                 0xd8 (size before relaxing)
 .ARM.exidx     0x08003890       0x38 C:/MyProgramFiles/Engineering/Embedded/STM32CubeCLT-1.16.0/STM32CubeCLT_1.16.0/GNU-tools-for-STM32/bin/../lib/gcc/arm-none-eabi/12.3.1/thumb/v7e-m/nofp\libgcc.a(pr-support.o)
 .ARM.exidx.text._Z22linearMappingInt2Floatiiiff
                0x080038c8        0x0 CMakeFiles/STM32DBUSTest.elf.dir/Core/Src/RC.cpp.obj
                                  0x8 (size before relaxing)
 .ARM.exidx.text._ZN2RC4initEv
                0x080038c8        0x8 CMakeFiles/STM32DBUSTest.elf.dir/Core/Src/RC.cpp.obj
 .ARM.exidx.text._ZN2RC11frameHandleEv
                0x080038d0        0x8 CMakeFiles/STM32DBUSTest.elf.dir/Core/Src/RC.cpp.obj
 .ARM.exidx.text.HAL_UARTEx_RxEventCallback
                0x080038d8       0x10 CMakeFiles/STM32DBUSTest.elf.dir/Core/Src/RC.cpp.obj
                                  0x8 (size before relaxing)
 .ARM.exidx.text.startup
                0x080038e8       0x10 CMakeFiles/STM32DBUSTest.elf.dir/Core/Src/startup.cpp.obj
                                  0x8 (size before relaxing)
                0x080038f8                        __exidx_end = .
                0x080038f8                        . = ALIGN (0x4)

.rel.dyn        0x080038f8        0x0
 .rel.iplt      0x080038f8        0x0 C:/MyProgramFiles/Engineering/Embedded/STM32CubeCLT-1.16.0/STM32CubeCLT_1.16.0/GNU-tools-for-STM32/bin/../lib/gcc/arm-none-eabi/12.3.1/thumb/v7e-m/nofp/crtbegin.o

.preinit_array  0x080038f8        0x0
                0x080038f8                        . = ALIGN (0x4)
                0x080038f8                        PROVIDE (__preinit_array_start = .)
 *(.preinit_array*)
                0x080038f8                        PROVIDE (__preinit_array_end = .)
                0x080038f8                        . = ALIGN (0x4)

.init_array     0x080038f8        0x8
                0x080038f8                        . = ALIGN (0x4)
                0x080038f8                        PROVIDE (__init_array_start = .)
 *(SORT_BY_NAME(.init_array.*))
 .init_array.00000
                0x080038f8        0x4 C:/MyProgramFiles/Engineering/Embedded/STM32CubeCLT-1.16.0/STM32CubeCLT_1.16.0/GNU-tools-for-STM32/bin/../lib/gcc/arm-none-eabi/12.3.1/../../../../arm-none-eabi/lib/thumb/v7e-m/nofp\libg.a(libc_a-__call_atexit.o)
 *(.init_array*)
 .init_array    0x080038fc        0x4 C:/MyProgramFiles/Engineering/Embedded/STM32CubeCLT-1.16.0/STM32CubeCLT_1.16.0/GNU-tools-for-STM32/bin/../lib/gcc/arm-none-eabi/12.3.1/thumb/v7e-m/nofp/crtbegin.o
                0x08003900                        PROVIDE (__init_array_end = .)
                0x08003900                        . = ALIGN (0x4)

.fini_array     0x08003900        0x4
                0x08003900                        . = ALIGN (0x4)
                0x08003900                        PROVIDE (__fini_array_start = .)
 *(SORT_BY_NAME(.fini_array.*))
 *(.fini_array*)
 .fini_array    0x08003900        0x4 C:/MyProgramFiles/Engineering/Embedded/STM32CubeCLT-1.16.0/STM32CubeCLT_1.16.0/GNU-tools-for-STM32/bin/../lib/gcc/arm-none-eabi/12.3.1/thumb/v7e-m/nofp/crtbegin.o
                0x08003904                        PROVIDE (__fini_array_end = .)
                0x08003904                        . = ALIGN (0x4)
                0x08003904                        _sidata = LOADADDR (.data)

.data           0x20000000      0x134 load address 0x08003904
                0x20000000                        . = ALIGN (0x4)
                0x20000000                        _sdata = .
 *(.data)
 *(.data*)
 .data.SystemCoreClock
                0x20000000        0x4 CMakeFiles/STM32DBUSTest.elf.dir/Core/Src/system_stm32f4xx.c.obj
                0x20000000                SystemCoreClock
 .data.uwTickFreq
                0x20000004        0x1 CMakeFiles/STM32DBUSTest.elf.dir/Drivers/STM32F4xx_HAL_Driver/Src/stm32f4xx_hal.c.obj
                0x20000004                uwTickFreq
 *fill*         0x20000005        0x3 
 .data.uwTickPrio
                0x20000008        0x4 CMakeFiles/STM32DBUSTest.elf.dir/Drivers/STM32F4xx_HAL_Driver/Src/stm32f4xx_hal.c.obj
                0x20000008                uwTickPrio
 .data._impure_ptr
                0x2000000c        0x4 C:/MyProgramFiles/Engineering/Embedded/STM32CubeCLT-1.16.0/STM32CubeCLT_1.16.0/GNU-tools-for-STM32/bin/../lib/gcc/arm-none-eabi/12.3.1/../../../../arm-none-eabi/lib/thumb/v7e-m/nofp\libg.a(libc_a-impure.o)
                0x2000000c                _impure_ptr
 .data._impure_data
                0x20000010      0x120 C:/MyProgramFiles/Engineering/Embedded/STM32CubeCLT-1.16.0/STM32CubeCLT_1.16.0/GNU-tools-for-STM32/bin/../lib/gcc/arm-none-eabi/12.3.1/../../../../arm-none-eabi/lib/thumb/v7e-m/nofp\libg.a(libc_a-impure.o)
                0x20000010                _impure_data
 .data.__atexit_recursive_mutex
                0x20000130        0x4 C:/MyProgramFiles/Engineering/Embedded/STM32CubeCLT-1.16.0/STM32CubeCLT_1.16.0/GNU-tools-for-STM32/bin/../lib/gcc/arm-none-eabi/12.3.1/../../../../arm-none-eabi/lib/thumb/v7e-m/nofp\libg.a(libc_a-__call_atexit.o)
                0x20000130                __atexit_recursive_mutex
 *(.RamFunc)
 *(.RamFunc*)
                0x20000134                        . = ALIGN (0x4)
                0x20000134                        _edata = .
                0x08003a38                        _siccmram = LOADADDR (.ccmram)

.igot.plt       0x20000134        0x0 load address 0x08003a38
 .igot.plt      0x20000134        0x0 C:/MyProgramFiles/Engineering/Embedded/STM32CubeCLT-1.16.0/STM32CubeCLT_1.16.0/GNU-tools-for-STM32/bin/../lib/gcc/arm-none-eabi/12.3.1/thumb/v7e-m/nofp/crtbegin.o

.ccmram         0x10000000        0x0 load address 0x08003a38
                0x10000000                        . = ALIGN (0x4)
                0x10000000                        _sccmram = .
 *(.ccmram)
 *(.ccmram*)
                0x10000000                        . = ALIGN (0x4)
                0x10000000                        _eccmram = .
                0x10000000                        . = ALIGN (0x4)

.bss            0x20000134      0x3e8
                0x20000134                        _sbss = .
                0x20000134                        __bss_start__ = _sbss
 *(.bss)
 .bss           0x20000134       0x1c C:/MyProgramFiles/Engineering/Embedded/STM32CubeCLT-1.16.0/STM32CubeCLT_1.16.0/GNU-tools-for-STM32/bin/../lib/gcc/arm-none-eabi/12.3.1/thumb/v7e-m/nofp/crtbegin.o
 *(.bss*)
 .bss._ZN2RC5keys_E
                0x20000150        0x1 CMakeFiles/STM32DBUSTest.elf.dir/Core/Src/RC.cpp.obj
                0x20000150                RC::keys_
 *fill*         0x20000151        0x3 
 .bss._ZN2RC6mouse_E
                0x20000154       0x10 CMakeFiles/STM32DBUSTest.elf.dir/Core/Src/RC.cpp.obj
                0x20000154                RC::mouse_
 .bss._ZN2RC7switch_E
                0x20000164        0x2 CMakeFiles/STM32DBUSTest.elf.dir/Core/Src/RC.cpp.obj
                0x20000164                RC::switch_
 *fill*         0x20000166        0x2 
 .bss._ZN2RC8channel_E
                0x20000168       0x10 CMakeFiles/STM32DBUSTest.elf.dir/Core/Src/RC.cpp.obj
                0x20000168                RC::channel_
 .bss._ZN2RC8rx_data_E
                0x20000178       0x12 CMakeFiles/STM32DBUSTest.elf.dir/Core/Src/RC.cpp.obj
                0x20000178                RC::rx_data_
 *fill*         0x2000018a        0x2 
 .bss._ZN2RC7rx_buf_E
                0x2000018c       0x12 CMakeFiles/STM32DBUSTest.elf.dir/Core/Src/RC.cpp.obj
                0x2000018c                RC::rx_buf_
 *fill*         0x2000019e        0x2 
 .bss.hdma_usart1_rx
                0x200001a0       0x60 CMakeFiles/STM32DBUSTest.elf.dir/Core/Src/usart.c.obj
                0x200001a0                hdma_usart1_rx
 .bss.huart1    0x20000200       0x44 CMakeFiles/STM32DBUSTest.elf.dir/Core/Src/usart.c.obj
                0x20000200                huart1
 .bss.uwTick    0x20000244        0x4 CMakeFiles/STM32DBUSTest.elf.dir/Drivers/STM32F4xx_HAL_Driver/Src/stm32f4xx_hal.c.obj
                0x20000244                uwTick
 .bss.__sf      0x20000248      0x138 C:/MyProgramFiles/Engineering/Embedded/STM32CubeCLT-1.16.0/STM32CubeCLT_1.16.0/GNU-tools-for-STM32/bin/../lib/gcc/arm-none-eabi/12.3.1/../../../../arm-none-eabi/lib/thumb/v7e-m/nofp\libg.a(libc_a-findfp.o)
                0x20000248                __sf
 .bss.errno     0x20000380        0x4 C:/MyProgramFiles/Engineering/Embedded/STM32CubeCLT-1.16.0/STM32CubeCLT_1.16.0/GNU-tools-for-STM32/bin/../lib/gcc/arm-none-eabi/12.3.1/../../../../arm-none-eabi/lib/thumb/v7e-m/nofp\libg.a(libc_a-reent.o)
                0x20000380                errno
 .bss.__lock___atexit_recursive_mutex
                0x20000384        0x1 C:/MyProgramFiles/Engineering/Embedded/STM32CubeCLT-1.16.0/STM32CubeCLT_1.16.0/GNU-tools-for-STM32/bin/../lib/gcc/arm-none-eabi/12.3.1/../../../../arm-none-eabi/lib/thumb/v7e-m/nofp\libg.a(libc_a-lock.o)
                0x20000384                __lock___atexit_recursive_mutex
 *fill*         0x20000385        0x3 
 .bss.__atexit  0x20000388        0x4 C:/MyProgramFiles/Engineering/Embedded/STM32CubeCLT-1.16.0/STM32CubeCLT_1.16.0/GNU-tools-for-STM32/bin/../lib/gcc/arm-none-eabi/12.3.1/../../../../arm-none-eabi/lib/thumb/v7e-m/nofp\libg.a(libc_a-__call_atexit.o)
                0x20000388                __atexit
 .bss.__atexit0
                0x2000038c      0x190 C:/MyProgramFiles/Engineering/Embedded/STM32CubeCLT-1.16.0/STM32CubeCLT_1.16.0/GNU-tools-for-STM32/bin/../lib/gcc/arm-none-eabi/12.3.1/../../../../arm-none-eabi/lib/thumb/v7e-m/nofp\libg.a(libc_a-__atexit.o)
                0x2000038c                __atexit0
 *(COMMON)
                0x2000051c                        . = ALIGN (0x4)
                0x2000051c                        _ebss = .
                0x2000051c                        __bss_end__ = _ebss

._user_heap_stack
                0x2000051c      0x604
                0x20000520                        . = ALIGN (0x8)
 *fill*         0x2000051c        0x4 
                [!provide]                        PROVIDE (end = .)
                0x20000520                        PROVIDE (_end = .)
                0x20000720                        . = (. + _Min_Heap_Size)
 *fill*         0x20000520      0x200 
                0x20000b20                        . = (. + _Min_Stack_Size)
 *fill*         0x20000720      0x400 
                0x20000b20                        . = ALIGN (0x8)

/DISCARD/
 libc.a(*)
 libm.a(*)
 libgcc.a(*)

.ARM.attributes
                0x00000000       0x2a
 *(.ARM.attributes)
 .ARM.attributes
                0x00000000       0x1e C:/MyProgramFiles/Engineering/Embedded/STM32CubeCLT-1.16.0/STM32CubeCLT_1.16.0/GNU-tools-for-STM32/bin/../lib/gcc/arm-none-eabi/12.3.1/thumb/v7e-m/nofp/crti.o
 .ARM.attributes
                0x0000001e       0x2e C:/MyProgramFiles/Engineering/Embedded/STM32CubeCLT-1.16.0/STM32CubeCLT_1.16.0/GNU-tools-for-STM32/bin/../lib/gcc/arm-none-eabi/12.3.1/thumb/v7e-m/nofp/crtbegin.o
 .ARM.attributes
                0x0000004c       0x2e CMakeFiles/STM32DBUSTest.elf.dir/Core/Src/RC.cpp.obj
 .ARM.attributes
                0x0000007a       0x2e CMakeFiles/STM32DBUSTest.elf.dir/Core/Src/dma.c.obj
 .ARM.attributes
                0x000000a8       0x2e CMakeFiles/STM32DBUSTest.elf.dir/Core/Src/gpio.c.obj
 .ARM.attributes
                0x000000d6       0x2e CMakeFiles/STM32DBUSTest.elf.dir/Core/Src/main.c.obj
 .ARM.attributes
                0x00000104       0x2e CMakeFiles/STM32DBUSTest.elf.dir/Core/Src/startup.cpp.obj
 .ARM.attributes
                0x00000132       0x2e CMakeFiles/STM32DBUSTest.elf.dir/Core/Src/stm32f4xx_hal_msp.c.obj
 .ARM.attributes
                0x00000160       0x2e CMakeFiles/STM32DBUSTest.elf.dir/Core/Src/stm32f4xx_it.c.obj
 .ARM.attributes
                0x0000018e       0x2e CMakeFiles/STM32DBUSTest.elf.dir/Core/Src/syscalls.c.obj
 .ARM.attributes
                0x000001bc       0x2e CMakeFiles/STM32DBUSTest.elf.dir/Core/Src/system_stm32f4xx.c.obj
 .ARM.attributes
                0x000001ea       0x2e CMakeFiles/STM32DBUSTest.elf.dir/Core/Src/usart.c.obj
 .ARM.attributes
                0x00000218       0x21 CMakeFiles/STM32DBUSTest.elf.dir/Core/Startup/startup_stm32f427iihx.s.obj
 .ARM.attributes
                0x00000239       0x2e CMakeFiles/STM32DBUSTest.elf.dir/Drivers/STM32F4xx_HAL_Driver/Src/stm32f4xx_hal.c.obj
 .ARM.attributes
                0x00000267       0x2e CMakeFiles/STM32DBUSTest.elf.dir/Drivers/STM32F4xx_HAL_Driver/Src/stm32f4xx_hal_cortex.c.obj
 .ARM.attributes
                0x00000295       0x2e CMakeFiles/STM32DBUSTest.elf.dir/Drivers/STM32F4xx_HAL_Driver/Src/stm32f4xx_hal_dma.c.obj
 .ARM.attributes
                0x000002c3       0x2e CMakeFiles/STM32DBUSTest.elf.dir/Drivers/STM32F4xx_HAL_Driver/Src/stm32f4xx_hal_gpio.c.obj
 .ARM.attributes
                0x000002f1       0x2e CMakeFiles/STM32DBUSTest.elf.dir/Drivers/STM32F4xx_HAL_Driver/Src/stm32f4xx_hal_pwr_ex.c.obj
 .ARM.attributes
                0x0000031f       0x2e CMakeFiles/STM32DBUSTest.elf.dir/Drivers/STM32F4xx_HAL_Driver/Src/stm32f4xx_hal_rcc.c.obj
 .ARM.attributes
                0x0000034d       0x2e CMakeFiles/STM32DBUSTest.elf.dir/Drivers/STM32F4xx_HAL_Driver/Src/stm32f4xx_hal_uart.c.obj
 .ARM.attributes
                0x0000037b       0x1e C:/MyProgramFiles/Engineering/Embedded/STM32CubeCLT-1.16.0/STM32CubeCLT_1.16.0/GNU-tools-for-STM32/bin/../lib/gcc/arm-none-eabi/12.3.1/thumb/v7e-m/nofp\libgcc.a(_arm_addsubsf3.o)
 .ARM.attributes
                0x00000399       0x1e C:/MyProgramFiles/Engineering/Embedded/STM32CubeCLT-1.16.0/STM32CubeCLT_1.16.0/GNU-tools-for-STM32/bin/../lib/gcc/arm-none-eabi/12.3.1/thumb/v7e-m/nofp\libgcc.a(_arm_muldivsf3.o)
 .ARM.attributes
                0x000003b7       0x1e C:/MyProgramFiles/Engineering/Embedded/STM32CubeCLT-1.16.0/STM32CubeCLT_1.16.0/GNU-tools-for-STM32/bin/../lib/gcc/arm-none-eabi/12.3.1/thumb/v7e-m/nofp\libgcc.a(_aeabi_uldivmod.o)
 .ARM.attributes
                0x000003d5       0x2e C:/MyProgramFiles/Engineering/Embedded/STM32CubeCLT-1.16.0/STM32CubeCLT_1.16.0/GNU-tools-for-STM32/bin/../lib/gcc/arm-none-eabi/12.3.1/thumb/v7e-m/nofp\libgcc.a(_udivmoddi4.o)
 .ARM.attributes
                0x00000403       0x2e C:/MyProgramFiles/Engineering/Embedded/STM32CubeCLT-1.16.0/STM32CubeCLT_1.16.0/GNU-tools-for-STM32/bin/../lib/gcc/arm-none-eabi/12.3.1/thumb/v7e-m/nofp\libgcc.a(unwind-arm.o)
 .ARM.attributes
                0x00000431       0x1e C:/MyProgramFiles/Engineering/Embedded/STM32CubeCLT-1.16.0/STM32CubeCLT_1.16.0/GNU-tools-for-STM32/bin/../lib/gcc/arm-none-eabi/12.3.1/thumb/v7e-m/nofp\libgcc.a(libunwind.o)
 .ARM.attributes
                0x0000044f       0x2e C:/MyProgramFiles/Engineering/Embedded/STM32CubeCLT-1.16.0/STM32CubeCLT_1.16.0/GNU-tools-for-STM32/bin/../lib/gcc/arm-none-eabi/12.3.1/thumb/v7e-m/nofp\libgcc.a(pr-support.o)
 .ARM.attributes
                0x0000047d       0x1e C:/MyProgramFiles/Engineering/Embedded/STM32CubeCLT-1.16.0/STM32CubeCLT_1.16.0/GNU-tools-for-STM32/bin/../lib/gcc/arm-none-eabi/12.3.1/thumb/v7e-m/nofp\libgcc.a(_dvmd_tls.o)
 .ARM.attributes
                0x0000049b       0x2e C:/MyProgramFiles/Engineering/Embedded/STM32CubeCLT-1.16.0/STM32CubeCLT_1.16.0/GNU-tools-for-STM32/bin/../lib/gcc/arm-none-eabi/12.3.1/../../../../arm-none-eabi/lib/thumb/v7e-m/nofp\libg.a(libc_a-abort.o)
 .ARM.attributes
                0x000004c9       0x2e C:/MyProgramFiles/Engineering/Embedded/STM32CubeCLT-1.16.0/STM32CubeCLT_1.16.0/GNU-tools-for-STM32/bin/../lib/gcc/arm-none-eabi/12.3.1/../../../../arm-none-eabi/lib/thumb/v7e-m/nofp\libg.a(libc_a-findfp.o)
 .ARM.attributes
                0x000004f7       0x2e C:/MyProgramFiles/Engineering/Embedded/STM32CubeCLT-1.16.0/STM32CubeCLT_1.16.0/GNU-tools-for-STM32/bin/../lib/gcc/arm-none-eabi/12.3.1/../../../../arm-none-eabi/lib/thumb/v7e-m/nofp\libg.a(libc_a-memset.o)
 .ARM.attributes
                0x00000525       0x2e C:/MyProgramFiles/Engineering/Embedded/STM32CubeCLT-1.16.0/STM32CubeCLT_1.16.0/GNU-tools-for-STM32/bin/../lib/gcc/arm-none-eabi/12.3.1/../../../../arm-none-eabi/lib/thumb/v7e-m/nofp\libg.a(libc_a-signal.o)
 .ARM.attributes
                0x00000553       0x2e C:/MyProgramFiles/Engineering/Embedded/STM32CubeCLT-1.16.0/STM32CubeCLT_1.16.0/GNU-tools-for-STM32/bin/../lib/gcc/arm-none-eabi/12.3.1/../../../../arm-none-eabi/lib/thumb/v7e-m/nofp\libg.a(libc_a-reent.o)
 .ARM.attributes
                0x00000581       0x2e C:/MyProgramFiles/Engineering/Embedded/STM32CubeCLT-1.16.0/STM32CubeCLT_1.16.0/GNU-tools-for-STM32/bin/../lib/gcc/arm-none-eabi/12.3.1/../../../../arm-none-eabi/lib/thumb/v7e-m/nofp\libg.a(libc_a-impure.o)
 .ARM.attributes
                0x000005af       0x2e C:/MyProgramFiles/Engineering/Embedded/STM32CubeCLT-1.16.0/STM32CubeCLT_1.16.0/GNU-tools-for-STM32/bin/../lib/gcc/arm-none-eabi/12.3.1/../../../../arm-none-eabi/lib/thumb/v7e-m/nofp\libg.a(libc_a-signalr.o)
 .ARM.attributes
                0x000005dd       0x2e C:/MyProgramFiles/Engineering/Embedded/STM32CubeCLT-1.16.0/STM32CubeCLT_1.16.0/GNU-tools-for-STM32/bin/../lib/gcc/arm-none-eabi/12.3.1/../../../../arm-none-eabi/lib/thumb/v7e-m/nofp\libg.a(libc_a-errno.o)
 .ARM.attributes
                0x0000060b       0x2e C:/MyProgramFiles/Engineering/Embedded/STM32CubeCLT-1.16.0/STM32CubeCLT_1.16.0/GNU-tools-for-STM32/bin/../lib/gcc/arm-none-eabi/12.3.1/../../../../arm-none-eabi/lib/thumb/v7e-m/nofp\libg.a(libc_a-init.o)
 .ARM.attributes
                0x00000639       0x2e C:/MyProgramFiles/Engineering/Embedded/STM32CubeCLT-1.16.0/STM32CubeCLT_1.16.0/GNU-tools-for-STM32/bin/../lib/gcc/arm-none-eabi/12.3.1/../../../../arm-none-eabi/lib/thumb/v7e-m/nofp\libg.a(libc_a-lock.o)
 .ARM.attributes
                0x00000667       0x2e C:/MyProgramFiles/Engineering/Embedded/STM32CubeCLT-1.16.0/STM32CubeCLT_1.16.0/GNU-tools-for-STM32/bin/../lib/gcc/arm-none-eabi/12.3.1/../../../../arm-none-eabi/lib/thumb/v7e-m/nofp\libg.a(libc_a-memcpy-stub.o)
 .ARM.attributes
                0x00000695       0x2e C:/MyProgramFiles/Engineering/Embedded/STM32CubeCLT-1.16.0/STM32CubeCLT_1.16.0/GNU-tools-for-STM32/bin/../lib/gcc/arm-none-eabi/12.3.1/../../../../arm-none-eabi/lib/thumb/v7e-m/nofp\libg.a(libc_a-__call_atexit.o)
 .ARM.attributes
                0x000006c3       0x2e C:/MyProgramFiles/Engineering/Embedded/STM32CubeCLT-1.16.0/STM32CubeCLT_1.16.0/GNU-tools-for-STM32/bin/../lib/gcc/arm-none-eabi/12.3.1/../../../../arm-none-eabi/lib/thumb/v7e-m/nofp\libg.a(libc_a-atexit.o)
 .ARM.attributes
                0x000006f1       0x2e C:/MyProgramFiles/Engineering/Embedded/STM32CubeCLT-1.16.0/STM32CubeCLT_1.16.0/GNU-tools-for-STM32/bin/../lib/gcc/arm-none-eabi/12.3.1/../../../../arm-none-eabi/lib/thumb/v7e-m/nofp\libg.a(libc_a-fini.o)
 .ARM.attributes
                0x0000071f       0x2e C:/MyProgramFiles/Engineering/Embedded/STM32CubeCLT-1.16.0/STM32CubeCLT_1.16.0/GNU-tools-for-STM32/bin/../lib/gcc/arm-none-eabi/12.3.1/../../../../arm-none-eabi/lib/thumb/v7e-m/nofp\libg.a(libc_a-__atexit.o)
 .ARM.attributes
                0x0000074d       0x1e C:/MyProgramFiles/Engineering/Embedded/STM32CubeCLT-1.16.0/STM32CubeCLT_1.16.0/GNU-tools-for-STM32/bin/../lib/gcc/arm-none-eabi/12.3.1/thumb/v7e-m/nofp/crtn.o
OUTPUT(STM32DBUSTest.elf elf32-littlearm)
LOAD linker stubs
LOAD C:/MyProgramFiles/Engineering/Embedded/STM32CubeCLT-1.16.0/STM32CubeCLT_1.16.0/GNU-tools-for-STM32/bin/../lib/gcc/arm-none-eabi/12.3.1/../../../../arm-none-eabi/lib/thumb/v7e-m/nofp\libc.a
LOAD C:/MyProgramFiles/Engineering/Embedded/STM32CubeCLT-1.16.0/STM32CubeCLT_1.16.0/GNU-tools-for-STM32/bin/../lib/gcc/arm-none-eabi/12.3.1/../../../../arm-none-eabi/lib/thumb/v7e-m/nofp\libm.a
LOAD C:/MyProgramFiles/Engineering/Embedded/STM32CubeCLT-1.16.0/STM32CubeCLT_1.16.0/GNU-tools-for-STM32/bin/../lib/gcc/arm-none-eabi/12.3.1/thumb/v7e-m/nofp\libgcc.a

.debug_info     0x00000000    0x101a8
 .debug_info    0x00000000      0xc57 CMakeFiles/STM32DBUSTest.elf.dir/Core/Src/RC.cpp.obj
 .debug_info    0x00000c57      0x51d CMakeFiles/STM32DBUSTest.elf.dir/Core/Src/dma.c.obj
 .debug_info    0x00001174      0x4af CMakeFiles/STM32DBUSTest.elf.dir/Core/Src/gpio.c.obj
 .debug_info    0x00001623      0x5a0 CMakeFiles/STM32DBUSTest.elf.dir/Core/Src/main.c.obj
 .debug_info    0x00001bc3      0x179 CMakeFiles/STM32DBUSTest.elf.dir/Core/Src/startup.cpp.obj
 .debug_info    0x00001d3c      0x27d CMakeFiles/STM32DBUSTest.elf.dir/Core/Src/stm32f4xx_hal_msp.c.obj
 .debug_info    0x00001fb9      0x66e CMakeFiles/STM32DBUSTest.elf.dir/Core/Src/stm32f4xx_it.c.obj
 .debug_info    0x00002627      0x783 CMakeFiles/STM32DBUSTest.elf.dir/Core/Src/syscalls.c.obj
 .debug_info    0x00002daa      0x34c CMakeFiles/STM32DBUSTest.elf.dir/Core/Src/system_stm32f4xx.c.obj
 .debug_info    0x000030f6      0xcc0 CMakeFiles/STM32DBUSTest.elf.dir/Core/Src/usart.c.obj
 .debug_info    0x00003db6       0x30 CMakeFiles/STM32DBUSTest.elf.dir/Core/Startup/startup_stm32f427iihx.s.obj
 .debug_info    0x00003de6      0xa50 CMakeFiles/STM32DBUSTest.elf.dir/Drivers/STM32F4xx_HAL_Driver/Src/stm32f4xx_hal.c.obj
 .debug_info    0x00004836      0xfa7 CMakeFiles/STM32DBUSTest.elf.dir/Drivers/STM32F4xx_HAL_Driver/Src/stm32f4xx_hal_cortex.c.obj
 .debug_info    0x000057dd      0xad9 CMakeFiles/STM32DBUSTest.elf.dir/Drivers/STM32F4xx_HAL_Driver/Src/stm32f4xx_hal_dma.c.obj
 .debug_info    0x000062b6      0x71c CMakeFiles/STM32DBUSTest.elf.dir/Drivers/STM32F4xx_HAL_Driver/Src/stm32f4xx_hal_gpio.c.obj
 .debug_info    0x000069d2      0x78a CMakeFiles/STM32DBUSTest.elf.dir/Drivers/STM32F4xx_HAL_Driver/Src/stm32f4xx_hal_pwr_ex.c.obj
 .debug_info    0x0000715c      0xa87 CMakeFiles/STM32DBUSTest.elf.dir/Drivers/STM32F4xx_HAL_Driver/Src/stm32f4xx_hal_rcc.c.obj
 .debug_info    0x00007be3     0x408c CMakeFiles/STM32DBUSTest.elf.dir/Drivers/STM32F4xx_HAL_Driver/Src/stm32f4xx_hal_uart.c.obj
 .debug_info    0x0000bc6f       0xd8 C:/MyProgramFiles/Engineering/Embedded/STM32CubeCLT-1.16.0/STM32CubeCLT_1.16.0/GNU-tools-for-STM32/bin/../lib/gcc/arm-none-eabi/12.3.1/../../../../arm-none-eabi/lib/thumb/v7e-m/nofp\libg.a(libc_a-abort.o)
 .debug_info    0x0000bd47      0xfc5 C:/MyProgramFiles/Engineering/Embedded/STM32CubeCLT-1.16.0/STM32CubeCLT_1.16.0/GNU-tools-for-STM32/bin/../lib/gcc/arm-none-eabi/12.3.1/../../../../arm-none-eabi/lib/thumb/v7e-m/nofp\libg.a(libc_a-findfp.o)
 .debug_info    0x0000cd0c       0xe0 C:/MyProgramFiles/Engineering/Embedded/STM32CubeCLT-1.16.0/STM32CubeCLT_1.16.0/GNU-tools-for-STM32/bin/../lib/gcc/arm-none-eabi/12.3.1/../../../../arm-none-eabi/lib/thumb/v7e-m/nofp\libg.a(libc_a-memset.o)
 .debug_info    0x0000cdec      0xa0d C:/MyProgramFiles/Engineering/Embedded/STM32CubeCLT-1.16.0/STM32CubeCLT_1.16.0/GNU-tools-for-STM32/bin/../lib/gcc/arm-none-eabi/12.3.1/../../../../arm-none-eabi/lib/thumb/v7e-m/nofp\libg.a(libc_a-signal.o)
 .debug_info    0x0000d7f9      0x7e7 C:/MyProgramFiles/Engineering/Embedded/STM32CubeCLT-1.16.0/STM32CubeCLT_1.16.0/GNU-tools-for-STM32/bin/../lib/gcc/arm-none-eabi/12.3.1/../../../../arm-none-eabi/lib/thumb/v7e-m/nofp\libg.a(libc_a-reent.o)
 .debug_info    0x0000dfe0      0x733 C:/MyProgramFiles/Engineering/Embedded/STM32CubeCLT-1.16.0/STM32CubeCLT_1.16.0/GNU-tools-for-STM32/bin/../lib/gcc/arm-none-eabi/12.3.1/../../../../arm-none-eabi/lib/thumb/v7e-m/nofp\libg.a(libc_a-impure.o)
 .debug_info    0x0000e713      0x7fb C:/MyProgramFiles/Engineering/Embedded/STM32CubeCLT-1.16.0/STM32CubeCLT_1.16.0/GNU-tools-for-STM32/bin/../lib/gcc/arm-none-eabi/12.3.1/../../../../arm-none-eabi/lib/thumb/v7e-m/nofp\libg.a(libc_a-signalr.o)
 .debug_info    0x0000ef0e      0x719 C:/MyProgramFiles/Engineering/Embedded/STM32CubeCLT-1.16.0/STM32CubeCLT_1.16.0/GNU-tools-for-STM32/bin/../lib/gcc/arm-none-eabi/12.3.1/../../../../arm-none-eabi/lib/thumb/v7e-m/nofp\libg.a(libc_a-errno.o)
 .debug_info    0x0000f627      0x10b C:/MyProgramFiles/Engineering/Embedded/STM32CubeCLT-1.16.0/STM32CubeCLT_1.16.0/GNU-tools-for-STM32/bin/../lib/gcc/arm-none-eabi/12.3.1/../../../../arm-none-eabi/lib/thumb/v7e-m/nofp\libg.a(libc_a-init.o)
 .debug_info    0x0000f732      0x20a C:/MyProgramFiles/Engineering/Embedded/STM32CubeCLT-1.16.0/STM32CubeCLT_1.16.0/GNU-tools-for-STM32/bin/../lib/gcc/arm-none-eabi/12.3.1/../../../../arm-none-eabi/lib/thumb/v7e-m/nofp\libg.a(libc_a-lock.o)
 .debug_info    0x0000f93c      0x121 C:/MyProgramFiles/Engineering/Embedded/STM32CubeCLT-1.16.0/STM32CubeCLT_1.16.0/GNU-tools-for-STM32/bin/../lib/gcc/arm-none-eabi/12.3.1/../../../../arm-none-eabi/lib/thumb/v7e-m/nofp\libg.a(libc_a-memcpy-stub.o)
 .debug_info    0x0000fa5d      0x2dd C:/MyProgramFiles/Engineering/Embedded/STM32CubeCLT-1.16.0/STM32CubeCLT_1.16.0/GNU-tools-for-STM32/bin/../lib/gcc/arm-none-eabi/12.3.1/../../../../arm-none-eabi/lib/thumb/v7e-m/nofp\libg.a(libc_a-__call_atexit.o)
 .debug_info    0x0000fd3a      0x118 C:/MyProgramFiles/Engineering/Embedded/STM32CubeCLT-1.16.0/STM32CubeCLT_1.16.0/GNU-tools-for-STM32/bin/../lib/gcc/arm-none-eabi/12.3.1/../../../../arm-none-eabi/lib/thumb/v7e-m/nofp\libg.a(libc_a-atexit.o)
 .debug_info    0x0000fe52       0xf7 C:/MyProgramFiles/Engineering/Embedded/STM32CubeCLT-1.16.0/STM32CubeCLT_1.16.0/GNU-tools-for-STM32/bin/../lib/gcc/arm-none-eabi/12.3.1/../../../../arm-none-eabi/lib/thumb/v7e-m/nofp\libg.a(libc_a-fini.o)
 .debug_info    0x0000ff49      0x25f C:/MyProgramFiles/Engineering/Embedded/STM32CubeCLT-1.16.0/STM32CubeCLT_1.16.0/GNU-tools-for-STM32/bin/../lib/gcc/arm-none-eabi/12.3.1/../../../../arm-none-eabi/lib/thumb/v7e-m/nofp\libg.a(libc_a-__atexit.o)

.debug_abbrev   0x00000000     0x39d5
 .debug_abbrev  0x00000000      0x2da CMakeFiles/STM32DBUSTest.elf.dir/Core/Src/RC.cpp.obj
 .debug_abbrev  0x000002da      0x12b CMakeFiles/STM32DBUSTest.elf.dir/Core/Src/dma.c.obj
 .debug_abbrev  0x00000405      0x164 CMakeFiles/STM32DBUSTest.elf.dir/Core/Src/gpio.c.obj
 .debug_abbrev  0x00000569      0x201 CMakeFiles/STM32DBUSTest.elf.dir/Core/Src/main.c.obj
 .debug_abbrev  0x0000076a       0xeb CMakeFiles/STM32DBUSTest.elf.dir/Core/Src/startup.cpp.obj
 .debug_abbrev  0x00000855       0xd6 CMakeFiles/STM32DBUSTest.elf.dir/Core/Src/stm32f4xx_hal_msp.c.obj
 .debug_abbrev  0x0000092b      0x17f CMakeFiles/STM32DBUSTest.elf.dir/Core/Src/stm32f4xx_it.c.obj
 .debug_abbrev  0x00000aaa      0x1c1 CMakeFiles/STM32DBUSTest.elf.dir/Core/Src/syscalls.c.obj
 .debug_abbrev  0x00000c6b      0x120 CMakeFiles/STM32DBUSTest.elf.dir/Core/Src/system_stm32f4xx.c.obj
 .debug_abbrev  0x00000d8b      0x24a CMakeFiles/STM32DBUSTest.elf.dir/Core/Src/usart.c.obj
 .debug_abbrev  0x00000fd5       0x24 CMakeFiles/STM32DBUSTest.elf.dir/Core/Startup/startup_stm32f427iihx.s.obj
 .debug_abbrev  0x00000ff9      0x23f CMakeFiles/STM32DBUSTest.elf.dir/Drivers/STM32F4xx_HAL_Driver/Src/stm32f4xx_hal.c.obj
 .debug_abbrev  0x00001238      0x39b CMakeFiles/STM32DBUSTest.elf.dir/Drivers/STM32F4xx_HAL_Driver/Src/stm32f4xx_hal_cortex.c.obj
 .debug_abbrev  0x000015d3      0x2c0 CMakeFiles/STM32DBUSTest.elf.dir/Drivers/STM32F4xx_HAL_Driver/Src/stm32f4xx_hal_dma.c.obj
 .debug_abbrev  0x00001893      0x202 CMakeFiles/STM32DBUSTest.elf.dir/Drivers/STM32F4xx_HAL_Driver/Src/stm32f4xx_hal_gpio.c.obj
 .debug_abbrev  0x00001a95      0x1e6 CMakeFiles/STM32DBUSTest.elf.dir/Drivers/STM32F4xx_HAL_Driver/Src/stm32f4xx_hal_pwr_ex.c.obj
 .debug_abbrev  0x00001c7b      0x2c6 CMakeFiles/STM32DBUSTest.elf.dir/Drivers/STM32F4xx_HAL_Driver/Src/stm32f4xx_hal_rcc.c.obj
 .debug_abbrev  0x00001f41      0x32f CMakeFiles/STM32DBUSTest.elf.dir/Drivers/STM32F4xx_HAL_Driver/Src/stm32f4xx_hal_uart.c.obj
 .debug_abbrev  0x00002270       0x99 C:/MyProgramFiles/Engineering/Embedded/STM32CubeCLT-1.16.0/STM32CubeCLT_1.16.0/GNU-tools-for-STM32/bin/../lib/gcc/arm-none-eabi/12.3.1/../../../../arm-none-eabi/lib/thumb/v7e-m/nofp\libg.a(libc_a-abort.o)
 .debug_abbrev  0x00002309      0x462 C:/MyProgramFiles/Engineering/Embedded/STM32CubeCLT-1.16.0/STM32CubeCLT_1.16.0/GNU-tools-for-STM32/bin/../lib/gcc/arm-none-eabi/12.3.1/../../../../arm-none-eabi/lib/thumb/v7e-m/nofp\libg.a(libc_a-findfp.o)
 .debug_abbrev  0x0000276b       0x9e C:/MyProgramFiles/Engineering/Embedded/STM32CubeCLT-1.16.0/STM32CubeCLT_1.16.0/GNU-tools-for-STM32/bin/../lib/gcc/arm-none-eabi/12.3.1/../../../../arm-none-eabi/lib/thumb/v7e-m/nofp\libg.a(libc_a-memset.o)
 .debug_abbrev  0x00002809      0x28a C:/MyProgramFiles/Engineering/Embedded/STM32CubeCLT-1.16.0/STM32CubeCLT_1.16.0/GNU-tools-for-STM32/bin/../lib/gcc/arm-none-eabi/12.3.1/../../../../arm-none-eabi/lib/thumb/v7e-m/nofp\libg.a(libc_a-signal.o)
 .debug_abbrev  0x00002a93      0x229 C:/MyProgramFiles/Engineering/Embedded/STM32CubeCLT-1.16.0/STM32CubeCLT_1.16.0/GNU-tools-for-STM32/bin/../lib/gcc/arm-none-eabi/12.3.1/../../../../arm-none-eabi/lib/thumb/v7e-m/nofp\libg.a(libc_a-reent.o)
 .debug_abbrev  0x00002cbc      0x185 C:/MyProgramFiles/Engineering/Embedded/STM32CubeCLT-1.16.0/STM32CubeCLT_1.16.0/GNU-tools-for-STM32/bin/../lib/gcc/arm-none-eabi/12.3.1/../../../../arm-none-eabi/lib/thumb/v7e-m/nofp\libg.a(libc_a-impure.o)
 .debug_abbrev  0x00002e41      0x239 C:/MyProgramFiles/Engineering/Embedded/STM32CubeCLT-1.16.0/STM32CubeCLT_1.16.0/GNU-tools-for-STM32/bin/../lib/gcc/arm-none-eabi/12.3.1/../../../../arm-none-eabi/lib/thumb/v7e-m/nofp\libg.a(libc_a-signalr.o)
 .debug_abbrev  0x0000307a      0x19a C:/MyProgramFiles/Engineering/Embedded/STM32CubeCLT-1.16.0/STM32CubeCLT_1.16.0/GNU-tools-for-STM32/bin/../lib/gcc/arm-none-eabi/12.3.1/../../../../arm-none-eabi/lib/thumb/v7e-m/nofp\libg.a(libc_a-errno.o)
 .debug_abbrev  0x00003214       0xc9 C:/MyProgramFiles/Engineering/Embedded/STM32CubeCLT-1.16.0/STM32CubeCLT_1.16.0/GNU-tools-for-STM32/bin/../lib/gcc/arm-none-eabi/12.3.1/../../../../arm-none-eabi/lib/thumb/v7e-m/nofp\libg.a(libc_a-init.o)
 .debug_abbrev  0x000032dd      0x115 C:/MyProgramFiles/Engineering/Embedded/STM32CubeCLT-1.16.0/STM32CubeCLT_1.16.0/GNU-tools-for-STM32/bin/../lib/gcc/arm-none-eabi/12.3.1/../../../../arm-none-eabi/lib/thumb/v7e-m/nofp\libg.a(libc_a-lock.o)
 .debug_abbrev  0x000033f2       0xc1 C:/MyProgramFiles/Engineering/Embedded/STM32CubeCLT-1.16.0/STM32CubeCLT_1.16.0/GNU-tools-for-STM32/bin/../lib/gcc/arm-none-eabi/12.3.1/../../../../arm-none-eabi/lib/thumb/v7e-m/nofp\libg.a(libc_a-memcpy-stub.o)
 .debug_abbrev  0x000034b3      0x20c C:/MyProgramFiles/Engineering/Embedded/STM32CubeCLT-1.16.0/STM32CubeCLT_1.16.0/GNU-tools-for-STM32/bin/../lib/gcc/arm-none-eabi/12.3.1/../../../../arm-none-eabi/lib/thumb/v7e-m/nofp\libg.a(libc_a-__call_atexit.o)
 .debug_abbrev  0x000036bf       0xc1 C:/MyProgramFiles/Engineering/Embedded/STM32CubeCLT-1.16.0/STM32CubeCLT_1.16.0/GNU-tools-for-STM32/bin/../lib/gcc/arm-none-eabi/12.3.1/../../../../arm-none-eabi/lib/thumb/v7e-m/nofp\libg.a(libc_a-atexit.o)
 .debug_abbrev  0x00003780       0xcc C:/MyProgramFiles/Engineering/Embedded/STM32CubeCLT-1.16.0/STM32CubeCLT_1.16.0/GNU-tools-for-STM32/bin/../lib/gcc/arm-none-eabi/12.3.1/../../../../arm-none-eabi/lib/thumb/v7e-m/nofp\libg.a(libc_a-fini.o)
 .debug_abbrev  0x0000384c      0x189 C:/MyProgramFiles/Engineering/Embedded/STM32CubeCLT-1.16.0/STM32CubeCLT_1.16.0/GNU-tools-for-STM32/bin/../lib/gcc/arm-none-eabi/12.3.1/../../../../arm-none-eabi/lib/thumb/v7e-m/nofp\libg.a(libc_a-__atexit.o)

.debug_loclists
                0x00000000     0x4db6
 .debug_loclists
                0x00000000      0x101 CMakeFiles/STM32DBUSTest.elf.dir/Core/Src/RC.cpp.obj
 .debug_loclists
                0x00000101      0x25b CMakeFiles/STM32DBUSTest.elf.dir/Core/Src/syscalls.c.obj
 .debug_loclists
                0x0000035c       0xdb CMakeFiles/STM32DBUSTest.elf.dir/Core/Src/system_stm32f4xx.c.obj
 .debug_loclists
                0x00000437       0x50 CMakeFiles/STM32DBUSTest.elf.dir/Core/Src/usart.c.obj
 .debug_loclists
                0x00000487       0xc9 CMakeFiles/STM32DBUSTest.elf.dir/Drivers/STM32F4xx_HAL_Driver/Src/stm32f4xx_hal.c.obj
 .debug_loclists
                0x00000550      0x439 CMakeFiles/STM32DBUSTest.elf.dir/Drivers/STM32F4xx_HAL_Driver/Src/stm32f4xx_hal_cortex.c.obj
 .debug_loclists
                0x00000989      0x763 CMakeFiles/STM32DBUSTest.elf.dir/Drivers/STM32F4xx_HAL_Driver/Src/stm32f4xx_hal_dma.c.obj
 .debug_loclists
                0x000010ec      0x356 CMakeFiles/STM32DBUSTest.elf.dir/Drivers/STM32F4xx_HAL_Driver/Src/stm32f4xx_hal_gpio.c.obj
 .debug_loclists
                0x00001442      0x14e CMakeFiles/STM32DBUSTest.elf.dir/Drivers/STM32F4xx_HAL_Driver/Src/stm32f4xx_hal_pwr_ex.c.obj
 .debug_loclists
                0x00001590      0x3a9 CMakeFiles/STM32DBUSTest.elf.dir/Drivers/STM32F4xx_HAL_Driver/Src/stm32f4xx_hal_rcc.c.obj
 .debug_loclists
                0x00001939     0x2bbd CMakeFiles/STM32DBUSTest.elf.dir/Drivers/STM32F4xx_HAL_Driver/Src/stm32f4xx_hal_uart.c.obj
 .debug_loclists
                0x000044f6      0x252 C:/MyProgramFiles/Engineering/Embedded/STM32CubeCLT-1.16.0/STM32CubeCLT_1.16.0/GNU-tools-for-STM32/bin/../lib/gcc/arm-none-eabi/12.3.1/../../../../arm-none-eabi/lib/thumb/v7e-m/nofp\libg.a(libc_a-findfp.o)
 .debug_loclists
                0x00004748       0x47 C:/MyProgramFiles/Engineering/Embedded/STM32CubeCLT-1.16.0/STM32CubeCLT_1.16.0/GNU-tools-for-STM32/bin/../lib/gcc/arm-none-eabi/12.3.1/../../../../arm-none-eabi/lib/thumb/v7e-m/nofp\libg.a(libc_a-memset.o)
 .debug_loclists
                0x0000478f      0x281 C:/MyProgramFiles/Engineering/Embedded/STM32CubeCLT-1.16.0/STM32CubeCLT_1.16.0/GNU-tools-for-STM32/bin/../lib/gcc/arm-none-eabi/12.3.1/../../../../arm-none-eabi/lib/thumb/v7e-m/nofp\libg.a(libc_a-signal.o)
 .debug_loclists
                0x00004a10       0x68 C:/MyProgramFiles/Engineering/Embedded/STM32CubeCLT-1.16.0/STM32CubeCLT_1.16.0/GNU-tools-for-STM32/bin/../lib/gcc/arm-none-eabi/12.3.1/../../../../arm-none-eabi/lib/thumb/v7e-m/nofp\libg.a(libc_a-reent.o)
 .debug_loclists
                0x00004a78       0x81 C:/MyProgramFiles/Engineering/Embedded/STM32CubeCLT-1.16.0/STM32CubeCLT_1.16.0/GNU-tools-for-STM32/bin/../lib/gcc/arm-none-eabi/12.3.1/../../../../arm-none-eabi/lib/thumb/v7e-m/nofp\libg.a(libc_a-signalr.o)
 .debug_loclists
                0x00004af9       0x44 C:/MyProgramFiles/Engineering/Embedded/STM32CubeCLT-1.16.0/STM32CubeCLT_1.16.0/GNU-tools-for-STM32/bin/../lib/gcc/arm-none-eabi/12.3.1/../../../../arm-none-eabi/lib/thumb/v7e-m/nofp\libg.a(libc_a-init.o)
 .debug_loclists
                0x00004b3d       0x23 C:/MyProgramFiles/Engineering/Embedded/STM32CubeCLT-1.16.0/STM32CubeCLT_1.16.0/GNU-tools-for-STM32/bin/../lib/gcc/arm-none-eabi/12.3.1/../../../../arm-none-eabi/lib/thumb/v7e-m/nofp\libg.a(libc_a-lock.o)
 .debug_loclists
                0x00004b60       0x8f C:/MyProgramFiles/Engineering/Embedded/STM32CubeCLT-1.16.0/STM32CubeCLT_1.16.0/GNU-tools-for-STM32/bin/../lib/gcc/arm-none-eabi/12.3.1/../../../../arm-none-eabi/lib/thumb/v7e-m/nofp\libg.a(libc_a-memcpy-stub.o)
 .debug_loclists
                0x00004bef       0xd4 C:/MyProgramFiles/Engineering/Embedded/STM32CubeCLT-1.16.0/STM32CubeCLT_1.16.0/GNU-tools-for-STM32/bin/../lib/gcc/arm-none-eabi/12.3.1/../../../../arm-none-eabi/lib/thumb/v7e-m/nofp\libg.a(libc_a-__call_atexit.o)
 .debug_loclists
                0x00004cc3       0x2a C:/MyProgramFiles/Engineering/Embedded/STM32CubeCLT-1.16.0/STM32CubeCLT_1.16.0/GNU-tools-for-STM32/bin/../lib/gcc/arm-none-eabi/12.3.1/../../../../arm-none-eabi/lib/thumb/v7e-m/nofp\libg.a(libc_a-atexit.o)
 .debug_loclists
                0x00004ced       0x3b C:/MyProgramFiles/Engineering/Embedded/STM32CubeCLT-1.16.0/STM32CubeCLT_1.16.0/GNU-tools-for-STM32/bin/../lib/gcc/arm-none-eabi/12.3.1/../../../../arm-none-eabi/lib/thumb/v7e-m/nofp\libg.a(libc_a-fini.o)
 .debug_loclists
                0x00004d28       0x8e C:/MyProgramFiles/Engineering/Embedded/STM32CubeCLT-1.16.0/STM32CubeCLT_1.16.0/GNU-tools-for-STM32/bin/../lib/gcc/arm-none-eabi/12.3.1/../../../../arm-none-eabi/lib/thumb/v7e-m/nofp\libg.a(libc_a-__atexit.o)

.debug_aranges  0x00000000      0xaf0
 .debug_aranges
                0x00000000       0x40 CMakeFiles/STM32DBUSTest.elf.dir/Core/Src/RC.cpp.obj
 .debug_aranges
                0x00000040       0x20 CMakeFiles/STM32DBUSTest.elf.dir/Core/Src/dma.c.obj
 .debug_aranges
                0x00000060       0x20 CMakeFiles/STM32DBUSTest.elf.dir/Core/Src/gpio.c.obj
 .debug_aranges
                0x00000080       0x30 CMakeFiles/STM32DBUSTest.elf.dir/Core/Src/main.c.obj
 .debug_aranges
                0x000000b0       0x20 CMakeFiles/STM32DBUSTest.elf.dir/Core/Src/startup.cpp.obj
 .debug_aranges
                0x000000d0       0x20 CMakeFiles/STM32DBUSTest.elf.dir/Core/Src/stm32f4xx_hal_msp.c.obj
 .debug_aranges
                0x000000f0       0x70 CMakeFiles/STM32DBUSTest.elf.dir/Core/Src/stm32f4xx_it.c.obj
 .debug_aranges
                0x00000160       0xa8 CMakeFiles/STM32DBUSTest.elf.dir/Core/Src/syscalls.c.obj
 .debug_aranges
                0x00000208       0x28 CMakeFiles/STM32DBUSTest.elf.dir/Core/Src/system_stm32f4xx.c.obj
 .debug_aranges
                0x00000230       0x30 CMakeFiles/STM32DBUSTest.elf.dir/Core/Src/usart.c.obj
 .debug_aranges
                0x00000260       0x28 CMakeFiles/STM32DBUSTest.elf.dir/Core/Startup/startup_stm32f427iihx.s.obj
 .debug_aranges
                0x00000288      0x100 CMakeFiles/STM32DBUSTest.elf.dir/Drivers/STM32F4xx_HAL_Driver/Src/stm32f4xx_hal.c.obj
 .debug_aranges
                0x00000388       0xd8 CMakeFiles/STM32DBUSTest.elf.dir/Drivers/STM32F4xx_HAL_Driver/Src/stm32f4xx_hal_cortex.c.obj
 .debug_aranges
                0x00000460       0x90 CMakeFiles/STM32DBUSTest.elf.dir/Drivers/STM32F4xx_HAL_Driver/Src/stm32f4xx_hal_dma.c.obj
 .debug_aranges
                0x000004f0       0x58 CMakeFiles/STM32DBUSTest.elf.dir/Drivers/STM32F4xx_HAL_Driver/Src/stm32f4xx_hal_gpio.c.obj
 .debug_aranges
                0x00000548       0x60 CMakeFiles/STM32DBUSTest.elf.dir/Drivers/STM32F4xx_HAL_Driver/Src/stm32f4xx_hal_pwr_ex.c.obj
 .debug_aranges
                0x000005a8       0x88 CMakeFiles/STM32DBUSTest.elf.dir/Drivers/STM32F4xx_HAL_Driver/Src/stm32f4xx_hal_rcc.c.obj
 .debug_aranges
                0x00000630      0x200 CMakeFiles/STM32DBUSTest.elf.dir/Drivers/STM32F4xx_HAL_Driver/Src/stm32f4xx_hal_uart.c.obj
 .debug_aranges
                0x00000830       0x20 C:/MyProgramFiles/Engineering/Embedded/STM32CubeCLT-1.16.0/STM32CubeCLT_1.16.0/GNU-tools-for-STM32/bin/../lib/gcc/arm-none-eabi/12.3.1/../../../../arm-none-eabi/lib/thumb/v7e-m/nofp\libg.a(libc_a-abort.o)
 .debug_aranges
                0x00000850       0x78 C:/MyProgramFiles/Engineering/Embedded/STM32CubeCLT-1.16.0/STM32CubeCLT_1.16.0/GNU-tools-for-STM32/bin/../lib/gcc/arm-none-eabi/12.3.1/../../../../arm-none-eabi/lib/thumb/v7e-m/nofp\libg.a(libc_a-findfp.o)
 .debug_aranges
                0x000008c8       0x20 C:/MyProgramFiles/Engineering/Embedded/STM32CubeCLT-1.16.0/STM32CubeCLT_1.16.0/GNU-tools-for-STM32/bin/../lib/gcc/arm-none-eabi/12.3.1/../../../../arm-none-eabi/lib/thumb/v7e-m/nofp\libg.a(libc_a-memset.o)
 .debug_aranges
                0x000008e8       0x58 C:/MyProgramFiles/Engineering/Embedded/STM32CubeCLT-1.16.0/STM32CubeCLT_1.16.0/GNU-tools-for-STM32/bin/../lib/gcc/arm-none-eabi/12.3.1/../../../../arm-none-eabi/lib/thumb/v7e-m/nofp\libg.a(libc_a-signal.o)
 .debug_aranges
                0x00000940       0x20 C:/MyProgramFiles/Engineering/Embedded/STM32CubeCLT-1.16.0/STM32CubeCLT_1.16.0/GNU-tools-for-STM32/bin/../lib/gcc/arm-none-eabi/12.3.1/../../../../arm-none-eabi/lib/thumb/v7e-m/nofp\libg.a(libc_a-reent.o)
 .debug_aranges
                0x00000960       0x18 C:/MyProgramFiles/Engineering/Embedded/STM32CubeCLT-1.16.0/STM32CubeCLT_1.16.0/GNU-tools-for-STM32/bin/../lib/gcc/arm-none-eabi/12.3.1/../../../../arm-none-eabi/lib/thumb/v7e-m/nofp\libg.a(libc_a-impure.o)
 .debug_aranges
                0x00000978       0x28 C:/MyProgramFiles/Engineering/Embedded/STM32CubeCLT-1.16.0/STM32CubeCLT_1.16.0/GNU-tools-for-STM32/bin/../lib/gcc/arm-none-eabi/12.3.1/../../../../arm-none-eabi/lib/thumb/v7e-m/nofp\libg.a(libc_a-signalr.o)
 .debug_aranges
                0x000009a0       0x20 C:/MyProgramFiles/Engineering/Embedded/STM32CubeCLT-1.16.0/STM32CubeCLT_1.16.0/GNU-tools-for-STM32/bin/../lib/gcc/arm-none-eabi/12.3.1/../../../../arm-none-eabi/lib/thumb/v7e-m/nofp\libg.a(libc_a-errno.o)
 .debug_aranges
                0x000009c0       0x20 C:/MyProgramFiles/Engineering/Embedded/STM32CubeCLT-1.16.0/STM32CubeCLT_1.16.0/GNU-tools-for-STM32/bin/../lib/gcc/arm-none-eabi/12.3.1/../../../../arm-none-eabi/lib/thumb/v7e-m/nofp\libg.a(libc_a-init.o)
 .debug_aranges
                0x000009e0       0x68 C:/MyProgramFiles/Engineering/Embedded/STM32CubeCLT-1.16.0/STM32CubeCLT_1.16.0/GNU-tools-for-STM32/bin/../lib/gcc/arm-none-eabi/12.3.1/../../../../arm-none-eabi/lib/thumb/v7e-m/nofp\libg.a(libc_a-lock.o)
 .debug_aranges
                0x00000a48       0x20 C:/MyProgramFiles/Engineering/Embedded/STM32CubeCLT-1.16.0/STM32CubeCLT_1.16.0/GNU-tools-for-STM32/bin/../lib/gcc/arm-none-eabi/12.3.1/../../../../arm-none-eabi/lib/thumb/v7e-m/nofp\libg.a(libc_a-memcpy-stub.o)
 .debug_aranges
                0x00000a68       0x28 C:/MyProgramFiles/Engineering/Embedded/STM32CubeCLT-1.16.0/STM32CubeCLT_1.16.0/GNU-tools-for-STM32/bin/../lib/gcc/arm-none-eabi/12.3.1/../../../../arm-none-eabi/lib/thumb/v7e-m/nofp\libg.a(libc_a-__call_atexit.o)
 .debug_aranges
                0x00000a90       0x20 C:/MyProgramFiles/Engineering/Embedded/STM32CubeCLT-1.16.0/STM32CubeCLT_1.16.0/GNU-tools-for-STM32/bin/../lib/gcc/arm-none-eabi/12.3.1/../../../../arm-none-eabi/lib/thumb/v7e-m/nofp\libg.a(libc_a-atexit.o)
 .debug_aranges
                0x00000ab0       0x20 C:/MyProgramFiles/Engineering/Embedded/STM32CubeCLT-1.16.0/STM32CubeCLT_1.16.0/GNU-tools-for-STM32/bin/../lib/gcc/arm-none-eabi/12.3.1/../../../../arm-none-eabi/lib/thumb/v7e-m/nofp\libg.a(libc_a-fini.o)
 .debug_aranges
                0x00000ad0       0x20 C:/MyProgramFiles/Engineering/Embedded/STM32CubeCLT-1.16.0/STM32CubeCLT_1.16.0/GNU-tools-for-STM32/bin/../lib/gcc/arm-none-eabi/12.3.1/../../../../arm-none-eabi/lib/thumb/v7e-m/nofp\libg.a(libc_a-__atexit.o)

.debug_rnglists
                0x00000000      0x812
 .debug_rnglists
                0x00000000       0x2c CMakeFiles/STM32DBUSTest.elf.dir/Core/Src/RC.cpp.obj
 .debug_rnglists
                0x0000002c       0x13 CMakeFiles/STM32DBUSTest.elf.dir/Core/Src/dma.c.obj
 .debug_rnglists
                0x0000003f       0x14 CMakeFiles/STM32DBUSTest.elf.dir/Core/Src/gpio.c.obj
 .debug_rnglists
                0x00000053       0x20 CMakeFiles/STM32DBUSTest.elf.dir/Core/Src/main.c.obj
 .debug_rnglists
                0x00000073       0x13 CMakeFiles/STM32DBUSTest.elf.dir/Core/Src/startup.cpp.obj
 .debug_rnglists
                0x00000086       0x13 CMakeFiles/STM32DBUSTest.elf.dir/Core/Src/stm32f4xx_hal_msp.c.obj
 .debug_rnglists
                0x00000099       0x4f CMakeFiles/STM32DBUSTest.elf.dir/Core/Src/stm32f4xx_it.c.obj
 .debug_rnglists
                0x000000e8       0x79 CMakeFiles/STM32DBUSTest.elf.dir/Core/Src/syscalls.c.obj
 .debug_rnglists
                0x00000161       0x1a CMakeFiles/STM32DBUSTest.elf.dir/Core/Src/system_stm32f4xx.c.obj
 .debug_rnglists
                0x0000017b       0x20 CMakeFiles/STM32DBUSTest.elf.dir/Core/Src/usart.c.obj
 .debug_rnglists
                0x0000019b       0x19 CMakeFiles/STM32DBUSTest.elf.dir/Core/Startup/startup_stm32f427iihx.s.obj
 .debug_rnglists
                0x000001b4       0xbb CMakeFiles/STM32DBUSTest.elf.dir/Drivers/STM32F4xx_HAL_Driver/Src/stm32f4xx_hal.c.obj
 .debug_rnglists
                0x0000026f       0x9d CMakeFiles/STM32DBUSTest.elf.dir/Drivers/STM32F4xx_HAL_Driver/Src/stm32f4xx_hal_cortex.c.obj
 .debug_rnglists
                0x0000030c       0x6c CMakeFiles/STM32DBUSTest.elf.dir/Drivers/STM32F4xx_HAL_Driver/Src/stm32f4xx_hal_dma.c.obj
 .debug_rnglists
                0x00000378       0x3f CMakeFiles/STM32DBUSTest.elf.dir/Drivers/STM32F4xx_HAL_Driver/Src/stm32f4xx_hal_gpio.c.obj
 .debug_rnglists
                0x000003b7       0x44 CMakeFiles/STM32DBUSTest.elf.dir/Drivers/STM32F4xx_HAL_Driver/Src/stm32f4xx_hal_pwr_ex.c.obj
 .debug_rnglists
                0x000003fb       0x75 CMakeFiles/STM32DBUSTest.elf.dir/Drivers/STM32F4xx_HAL_Driver/Src/stm32f4xx_hal_rcc.c.obj
 .debug_rnglists
                0x00000470      0x19b CMakeFiles/STM32DBUSTest.elf.dir/Drivers/STM32F4xx_HAL_Driver/Src/stm32f4xx_hal_uart.c.obj
 .debug_rnglists
                0x0000060b       0x13 C:/MyProgramFiles/Engineering/Embedded/STM32CubeCLT-1.16.0/STM32CubeCLT_1.16.0/GNU-tools-for-STM32/bin/../lib/gcc/arm-none-eabi/12.3.1/../../../../arm-none-eabi/lib/thumb/v7e-m/nofp\libg.a(libc_a-abort.o)
 .debug_rnglists
                0x0000061e       0x7a C:/MyProgramFiles/Engineering/Embedded/STM32CubeCLT-1.16.0/STM32CubeCLT_1.16.0/GNU-tools-for-STM32/bin/../lib/gcc/arm-none-eabi/12.3.1/../../../../arm-none-eabi/lib/thumb/v7e-m/nofp\libg.a(libc_a-findfp.o)
 .debug_rnglists
                0x00000698       0x13 C:/MyProgramFiles/Engineering/Embedded/STM32CubeCLT-1.16.0/STM32CubeCLT_1.16.0/GNU-tools-for-STM32/bin/../lib/gcc/arm-none-eabi/12.3.1/../../../../arm-none-eabi/lib/thumb/v7e-m/nofp\libg.a(libc_a-memset.o)
 .debug_rnglists
                0x000006ab       0x3d C:/MyProgramFiles/Engineering/Embedded/STM32CubeCLT-1.16.0/STM32CubeCLT_1.16.0/GNU-tools-for-STM32/bin/../lib/gcc/arm-none-eabi/12.3.1/../../../../arm-none-eabi/lib/thumb/v7e-m/nofp\libg.a(libc_a-signal.o)
 .debug_rnglists
                0x000006e8       0x2b C:/MyProgramFiles/Engineering/Embedded/STM32CubeCLT-1.16.0/STM32CubeCLT_1.16.0/GNU-tools-for-STM32/bin/../lib/gcc/arm-none-eabi/12.3.1/../../../../arm-none-eabi/lib/thumb/v7e-m/nofp\libg.a(libc_a-reent.o)
 .debug_rnglists
                0x00000713       0x19 C:/MyProgramFiles/Engineering/Embedded/STM32CubeCLT-1.16.0/STM32CubeCLT_1.16.0/GNU-tools-for-STM32/bin/../lib/gcc/arm-none-eabi/12.3.1/../../../../arm-none-eabi/lib/thumb/v7e-m/nofp\libg.a(libc_a-signalr.o)
 .debug_rnglists
                0x0000072c       0x13 C:/MyProgramFiles/Engineering/Embedded/STM32CubeCLT-1.16.0/STM32CubeCLT_1.16.0/GNU-tools-for-STM32/bin/../lib/gcc/arm-none-eabi/12.3.1/../../../../arm-none-eabi/lib/thumb/v7e-m/nofp\libg.a(libc_a-errno.o)
 .debug_rnglists
                0x0000073f       0x13 C:/MyProgramFiles/Engineering/Embedded/STM32CubeCLT-1.16.0/STM32CubeCLT_1.16.0/GNU-tools-for-STM32/bin/../lib/gcc/arm-none-eabi/12.3.1/../../../../arm-none-eabi/lib/thumb/v7e-m/nofp\libg.a(libc_a-init.o)
 .debug_rnglists
                0x00000752       0x49 C:/MyProgramFiles/Engineering/Embedded/STM32CubeCLT-1.16.0/STM32CubeCLT_1.16.0/GNU-tools-for-STM32/bin/../lib/gcc/arm-none-eabi/12.3.1/../../../../arm-none-eabi/lib/thumb/v7e-m/nofp\libg.a(libc_a-lock.o)
 .debug_rnglists
                0x0000079b       0x13 C:/MyProgramFiles/Engineering/Embedded/STM32CubeCLT-1.16.0/STM32CubeCLT_1.16.0/GNU-tools-for-STM32/bin/../lib/gcc/arm-none-eabi/12.3.1/../../../../arm-none-eabi/lib/thumb/v7e-m/nofp\libg.a(libc_a-memcpy-stub.o)
 .debug_rnglists
                0x000007ae       0x2a C:/MyProgramFiles/Engineering/Embedded/STM32CubeCLT-1.16.0/STM32CubeCLT_1.16.0/GNU-tools-for-STM32/bin/../lib/gcc/arm-none-eabi/12.3.1/../../../../arm-none-eabi/lib/thumb/v7e-m/nofp\libg.a(libc_a-__call_atexit.o)
 .debug_rnglists
                0x000007d8       0x13 C:/MyProgramFiles/Engineering/Embedded/STM32CubeCLT-1.16.0/STM32CubeCLT_1.16.0/GNU-tools-for-STM32/bin/../lib/gcc/arm-none-eabi/12.3.1/../../../../arm-none-eabi/lib/thumb/v7e-m/nofp\libg.a(libc_a-atexit.o)
 .debug_rnglists
                0x000007eb       0x13 C:/MyProgramFiles/Engineering/Embedded/STM32CubeCLT-1.16.0/STM32CubeCLT_1.16.0/GNU-tools-for-STM32/bin/../lib/gcc/arm-none-eabi/12.3.1/../../../../arm-none-eabi/lib/thumb/v7e-m/nofp\libg.a(libc_a-fini.o)
 .debug_rnglists
                0x000007fe       0x14 C:/MyProgramFiles/Engineering/Embedded/STM32CubeCLT-1.16.0/STM32CubeCLT_1.16.0/GNU-tools-for-STM32/bin/../lib/gcc/arm-none-eabi/12.3.1/../../../../arm-none-eabi/lib/thumb/v7e-m/nofp\libg.a(libc_a-__atexit.o)

.debug_line     0x00000000     0xcbfc
 .debug_line    0x00000000      0x819 CMakeFiles/STM32DBUSTest.elf.dir/Core/Src/RC.cpp.obj
 .debug_line    0x00000819      0x2f1 CMakeFiles/STM32DBUSTest.elf.dir/Core/Src/dma.c.obj
 .debug_line    0x00000b0a      0x352 CMakeFiles/STM32DBUSTest.elf.dir/Core/Src/gpio.c.obj
 .debug_line    0x00000e5c      0x52b CMakeFiles/STM32DBUSTest.elf.dir/Core/Src/main.c.obj
 .debug_line    0x00001387       0x9a CMakeFiles/STM32DBUSTest.elf.dir/Core/Src/startup.cpp.obj
 .debug_line    0x00001421      0x28f CMakeFiles/STM32DBUSTest.elf.dir/Core/Src/stm32f4xx_hal_msp.c.obj
 .debug_line    0x000016b0      0x457 CMakeFiles/STM32DBUSTest.elf.dir/Core/Src/stm32f4xx_it.c.obj
 .debug_line    0x00001b07      0x4de CMakeFiles/STM32DBUSTest.elf.dir/Core/Src/syscalls.c.obj
 .debug_line    0x00001fe5      0x357 CMakeFiles/STM32DBUSTest.elf.dir/Core/Src/system_stm32f4xx.c.obj
 .debug_line    0x0000233c      0x4ef CMakeFiles/STM32DBUSTest.elf.dir/Core/Src/usart.c.obj
 .debug_line    0x0000282b       0x7a CMakeFiles/STM32DBUSTest.elf.dir/Core/Startup/startup_stm32f427iihx.s.obj
 .debug_line    0x000028a5      0x74b CMakeFiles/STM32DBUSTest.elf.dir/Drivers/STM32F4xx_HAL_Driver/Src/stm32f4xx_hal.c.obj
 .debug_line    0x00002ff0      0x9be CMakeFiles/STM32DBUSTest.elf.dir/Drivers/STM32F4xx_HAL_Driver/Src/stm32f4xx_hal_cortex.c.obj
 .debug_line    0x000039ae      0xfcd CMakeFiles/STM32DBUSTest.elf.dir/Drivers/STM32F4xx_HAL_Driver/Src/stm32f4xx_hal_dma.c.obj
 .debug_line    0x0000497b      0x845 CMakeFiles/STM32DBUSTest.elf.dir/Drivers/STM32F4xx_HAL_Driver/Src/stm32f4xx_hal_gpio.c.obj
 .debug_line    0x000051c0      0x64c CMakeFiles/STM32DBUSTest.elf.dir/Drivers/STM32F4xx_HAL_Driver/Src/stm32f4xx_hal_pwr_ex.c.obj
 .debug_line    0x0000580c      0xc75 CMakeFiles/STM32DBUSTest.elf.dir/Drivers/STM32F4xx_HAL_Driver/Src/stm32f4xx_hal_rcc.c.obj
 .debug_line    0x00006481     0x4788 CMakeFiles/STM32DBUSTest.elf.dir/Drivers/STM32F4xx_HAL_Driver/Src/stm32f4xx_hal_uart.c.obj
 .debug_line    0x0000ac09      0x167 C:/MyProgramFiles/Engineering/Embedded/STM32CubeCLT-1.16.0/STM32CubeCLT_1.16.0/GNU-tools-for-STM32/bin/../lib/gcc/arm-none-eabi/12.3.1/../../../../arm-none-eabi/lib/thumb/v7e-m/nofp\libg.a(libc_a-abort.o)
 .debug_line    0x0000ad70      0x596 C:/MyProgramFiles/Engineering/Embedded/STM32CubeCLT-1.16.0/STM32CubeCLT_1.16.0/GNU-tools-for-STM32/bin/../lib/gcc/arm-none-eabi/12.3.1/../../../../arm-none-eabi/lib/thumb/v7e-m/nofp\libg.a(libc_a-findfp.o)
 .debug_line    0x0000b306      0x17e C:/MyProgramFiles/Engineering/Embedded/STM32CubeCLT-1.16.0/STM32CubeCLT_1.16.0/GNU-tools-for-STM32/bin/../lib/gcc/arm-none-eabi/12.3.1/../../../../arm-none-eabi/lib/thumb/v7e-m/nofp\libg.a(libc_a-memset.o)
 .debug_line    0x0000b484      0x44b C:/MyProgramFiles/Engineering/Embedded/STM32CubeCLT-1.16.0/STM32CubeCLT_1.16.0/GNU-tools-for-STM32/bin/../lib/gcc/arm-none-eabi/12.3.1/../../../../arm-none-eabi/lib/thumb/v7e-m/nofp\libg.a(libc_a-signal.o)
 .debug_line    0x0000b8cf      0x263 C:/MyProgramFiles/Engineering/Embedded/STM32CubeCLT-1.16.0/STM32CubeCLT_1.16.0/GNU-tools-for-STM32/bin/../lib/gcc/arm-none-eabi/12.3.1/../../../../arm-none-eabi/lib/thumb/v7e-m/nofp\libg.a(libc_a-reent.o)
 .debug_line    0x0000bb32      0x163 C:/MyProgramFiles/Engineering/Embedded/STM32CubeCLT-1.16.0/STM32CubeCLT_1.16.0/GNU-tools-for-STM32/bin/../lib/gcc/arm-none-eabi/12.3.1/../../../../arm-none-eabi/lib/thumb/v7e-m/nofp\libg.a(libc_a-impure.o)
 .debug_line    0x0000bc95      0x24c C:/MyProgramFiles/Engineering/Embedded/STM32CubeCLT-1.16.0/STM32CubeCLT_1.16.0/GNU-tools-for-STM32/bin/../lib/gcc/arm-none-eabi/12.3.1/../../../../arm-none-eabi/lib/thumb/v7e-m/nofp\libg.a(libc_a-signalr.o)
 .debug_line    0x0000bee1      0x185 C:/MyProgramFiles/Engineering/Embedded/STM32CubeCLT-1.16.0/STM32CubeCLT_1.16.0/GNU-tools-for-STM32/bin/../lib/gcc/arm-none-eabi/12.3.1/../../../../arm-none-eabi/lib/thumb/v7e-m/nofp\libg.a(libc_a-errno.o)
 .debug_line    0x0000c066      0x188 C:/MyProgramFiles/Engineering/Embedded/STM32CubeCLT-1.16.0/STM32CubeCLT_1.16.0/GNU-tools-for-STM32/bin/../lib/gcc/arm-none-eabi/12.3.1/../../../../arm-none-eabi/lib/thumb/v7e-m/nofp\libg.a(libc_a-init.o)
 .debug_line    0x0000c1ee      0x19b C:/MyProgramFiles/Engineering/Embedded/STM32CubeCLT-1.16.0/STM32CubeCLT_1.16.0/GNU-tools-for-STM32/bin/../lib/gcc/arm-none-eabi/12.3.1/../../../../arm-none-eabi/lib/thumb/v7e-m/nofp\libg.a(libc_a-lock.o)
 .debug_line    0x0000c389      0x202 C:/MyProgramFiles/Engineering/Embedded/STM32CubeCLT-1.16.0/STM32CubeCLT_1.16.0/GNU-tools-for-STM32/bin/../lib/gcc/arm-none-eabi/12.3.1/../../../../arm-none-eabi/lib/thumb/v7e-m/nofp\libg.a(libc_a-memcpy-stub.o)
 .debug_line    0x0000c58b      0x28a C:/MyProgramFiles/Engineering/Embedded/STM32CubeCLT-1.16.0/STM32CubeCLT_1.16.0/GNU-tools-for-STM32/bin/../lib/gcc/arm-none-eabi/12.3.1/../../../../arm-none-eabi/lib/thumb/v7e-m/nofp\libg.a(libc_a-__call_atexit.o)
 .debug_line    0x0000c815      0x102 C:/MyProgramFiles/Engineering/Embedded/STM32CubeCLT-1.16.0/STM32CubeCLT_1.16.0/GNU-tools-for-STM32/bin/../lib/gcc/arm-none-eabi/12.3.1/../../../../arm-none-eabi/lib/thumb/v7e-m/nofp\libg.a(libc_a-atexit.o)
 .debug_line    0x0000c917      0x140 C:/MyProgramFiles/Engineering/Embedded/STM32CubeCLT-1.16.0/STM32CubeCLT_1.16.0/GNU-tools-for-STM32/bin/../lib/gcc/arm-none-eabi/12.3.1/../../../../arm-none-eabi/lib/thumb/v7e-m/nofp\libg.a(libc_a-fini.o)
 .debug_line    0x0000ca57      0x1a5 C:/MyProgramFiles/Engineering/Embedded/STM32CubeCLT-1.16.0/STM32CubeCLT_1.16.0/GNU-tools-for-STM32/bin/../lib/gcc/arm-none-eabi/12.3.1/../../../../arm-none-eabi/lib/thumb/v7e-m/nofp\libg.a(libc_a-__atexit.o)

.debug_str      0x00000000     0x3edb
 .debug_str     0x00000000      0x8cf CMakeFiles/STM32DBUSTest.elf.dir/Core/Src/RC.cpp.obj
                                0xa33 (size before relaxing)
 .debug_str     0x000008cf      0x78e CMakeFiles/STM32DBUSTest.elf.dir/Core/Src/dma.c.obj
                                0x88f (size before relaxing)
 .debug_str     0x0000105d      0x109 CMakeFiles/STM32DBUSTest.elf.dir/Core/Src/gpio.c.obj
                                0x3ef (size before relaxing)
 .debug_str     0x00001166      0x20e CMakeFiles/STM32DBUSTest.elf.dir/Core/Src/main.c.obj
                                0x545 (size before relaxing)
 .debug_str     0x00001374       0x4f CMakeFiles/STM32DBUSTest.elf.dir/Core/Src/startup.cpp.obj
                                0x2f7 (size before relaxing)
 .debug_str     0x000013c3       0x63 CMakeFiles/STM32DBUSTest.elf.dir/Core/Src/stm32f4xx_hal_msp.c.obj
                                0x330 (size before relaxing)
 .debug_str     0x00001426      0x14e CMakeFiles/STM32DBUSTest.elf.dir/Core/Src/stm32f4xx_it.c.obj
                                0x753 (size before relaxing)
 .debug_str     0x00001574      0x243 CMakeFiles/STM32DBUSTest.elf.dir/Core/Src/syscalls.c.obj
                                0x45b (size before relaxing)
 .debug_str     0x000017b7       0xbe CMakeFiles/STM32DBUSTest.elf.dir/Core/Src/system_stm32f4xx.c.obj
                                0x396 (size before relaxing)
 .debug_str     0x00001875       0xc8 CMakeFiles/STM32DBUSTest.elf.dir/Core/Src/usart.c.obj
                                0xe2f (size before relaxing)
 .debug_str     0x0000193d       0x7b CMakeFiles/STM32DBUSTest.elf.dir/Core/Startup/startup_stm32f427iihx.s.obj
                                 0xd3 (size before relaxing)
 .debug_str     0x000019b8      0x3bc CMakeFiles/STM32DBUSTest.elf.dir/Drivers/STM32F4xx_HAL_Driver/Src/stm32f4xx_hal.c.obj